[debug] [2026-06-11T19:05:46.863Z] [Firebase Plugin] Activating Firebase extension.
[debug] [2026-06-11T19:05:59.001Z] [Firebase Plugin] requireAuthWrapper
[debug] [2026-06-11T19:05:59.002Z] > command requires scopes: ["email","openid","https://www.googleapis.com/auth/cloudplatformprojects.readonly","https://www.googleapis.com/auth/firebase","https://www.googleapis.com/auth/cloud-platform"]
[debug] [2026-06-11T19:05:59.003Z] > authorizing via signed-in user (support@thehomeproai.com)
[debug] [2026-06-11T19:05:59.006Z] Checked if tokens are valid: true, expires at: 1781208357504
[debug] [2026-06-11T19:05:59.006Z] Checked if tokens are valid: true, expires at: 1781208357504
[debug] [2026-06-11T19:05:59.006Z] [Firebase Plugin] User found:  support@thehomeproai.com
[info] [Firebase Plugin] (Core:Project) New user detected, fetching projects
[debug] [2026-06-11T19:05:59.008Z] Checked if tokens are valid: true, expires at: 1781208357504
[debug] [2026-06-11T19:05:59.010Z] >>> [apiv2][query] GET https://firebase.googleapis.com/v1beta1/projects pageSize=1000
[info] [Firebase Plugin] Starting SQL Connect toolkit (version 3.4.10) on port 50001
[debug] [2026-06-11T19:06:00.534Z] 'fdc build' failed with error: Unable to build your SQL Connect schema and connectors (exit code 1): E0611 14:06:00.479778   11992 cmd.go:43] Error loading data connect config: could not find dataconnect.yaml in `c:\Users\mialo\tmi-landing-1\dataconnect`
 {"metadata":{"emulator":{"name":"dataconnect"},"message":"'fdc build' failed with error: Unable to build your SQL Connect schema and connectors (exit code 1): E0611 14:06:00.479778   11992 cmd.go:43] Error loading data connect config: could not find dataconnect.yaml in `c:\\Users\\mialo\\tmi-landing-1\\dataconnect`\n"}}
[debug] [2026-06-11T19:06:00.571Z] Ignoring unsupported arg: auto_download {"metadata":{"emulator":{"name":"dataconnect"},"message":"Ignoring unsupported arg: auto_download"}}
[debug] [2026-06-11T19:06:00.571Z] Ignoring unsupported arg: port {"metadata":{"emulator":{"name":"dataconnect"},"message":"Ignoring unsupported arg: port"}}
[debug] [2026-06-11T19:06:00.571Z] Starting SQL Connect Emulator with command {"binary":"C:\\Users\\mialo\\.cache\\firebase\\emulators\\dataconnect-emulator-3.4.10.exe","args":["--logtostderr","-v=2","dev","--listen=localhost:50001","--config_dir=c:\\Users\\mialo\\tmi-landing-1\\dataconnect","--enable_output_schema_extensions=true","--enable_output_generated_sdk=true"],"optionalArgs":["listen","config_dir","enable_output_schema_extensions","enable_output_generated_sdk"],"joinArgs":true,"shell":false,"port":9399} {"metadata":{"emulator":{"name":"dataconnect"},"message":"Starting SQL Connect Emulator with command {\"binary\":\"C:\\\\Users\\\\mialo\\\\.cache\\\\firebase\\\\emulators\\\\dataconnect-emulator-3.4.10.exe\",\"args\":[\"--logtostderr\",\"-v=2\",\"dev\",\"--listen=localhost:50001\",\"--config_dir=c:\\\\Users\\\\mialo\\\\tmi-landing-1\\\\dataconnect\",\"--enable_output_schema_extensions=true\",\"--enable_output_generated_sdk=true\"],\"optionalArgs\":[\"listen\",\"config_dir\",\"enable_output_schema_extensions\",\"enable_output_generated_sdk\"],\"joinArgs\":true,\"shell\":false,\"port\":9399}"}}
[info] i  dataconnect: SQL Connect Emulator logging to dataconnect-debug.log {"metadata":{"emulator":{"name":"dataconnect"},"message":"SQL Connect Emulator logging to \u001b[1mdataconnect-debug.log\u001b[22m"}}
[debug] [2026-06-11T19:06:01.036Z] <<< [apiv2][status] GET https://firebase.googleapis.com/v1beta1/projects 200
[debug] [2026-06-11T19:06:01.051Z] <<< [apiv2][body] GET https://firebase.googleapis.com/v1beta1/projects [omitted]
[error] [Firebase Plugin] error:  {}
[debug] [2026-06-11T19:06:01.573Z] E0611 14:06:01.544197   25592 dev.go:83] Failed to load initial config from "c:\\Users\\mialo\\tmi-landing-1\\dataconnect": could not find dataconnect.yaml in `c:\Users\mialo\tmi-landing-1\dataconnect`
 {"metadata":{"emulator":{"name":"dataconnect"},"message":"E0611 14:06:01.544197   25592 dev.go:83] Failed to load initial config from \"c:\\\\Users\\\\mialo\\\\tmi-landing-1\\\\dataconnect\": could not find dataconnect.yaml in `c:\\Users\\mialo\\tmi-landing-1\\dataconnect`\n"}}
[debug] [2026-06-11T19:06:01.604Z] E0611 14:06:01.604195   25592 watch.go:116] watchAllDir unable to walk dir `c:\Users\mialo\tmi-landing-1\dataconnect`: GetFileAttributesEx c:\Users\mialo\tmi-landing-1\dataconnect: The system cannot find the file specified.
 {"metadata":{"emulator":{"name":"dataconnect"},"message":"E0611 14:06:01.604195   25592 watch.go:116] watchAllDir unable to walk dir `c:\\Users\\mialo\\tmi-landing-1\\dataconnect`: GetFileAttributesEx c:\\Users\\mialo\\tmi-landing-1\\dataconnect: The system cannot find the file specified.\n"}}
[debug] [2026-06-11T19:06:01.649Z] F0611 14:06:01.649297   25592 dev.go:102] Could not listen on address localhost:50001: listen tcp 127.0.0.1:50001: bind: Only one usage of each socket address (protocol/network address/port) is normally permitted.
 {"metadata":{"emulator":{"name":"dataconnect"},"message":"F0611 14:06:01.649297   25592 dev.go:102] Could not listen on address localhost:50001: listen tcp 127.0.0.1:50001: bind: Only one usage of each socket address (protocol/network address/port) is normally permitted.\n"}}
[warn] !  dataconnect: Fatal error occurred: 
   SQL Connect Emulator has exited with code: 1, 
   stopping all running emulators {"metadata":{"emulator":{"name":"dataconnect"},"message":"Fatal error occurred: \n   SQL Connect Emulator has exited with code: 1, \n   stopping all running emulators"}}
[info] [Firebase Plugin] Stopping SQL Connect toolkit
[debug] [2026-06-12T00:59:10.148Z] [Firebase Plugin] Activating Firebase extension.
[debug] [2026-06-12T00:59:13.986Z] [Firebase Plugin] requireAuthWrapper
[debug] [2026-06-12T00:59:13.988Z] > command requires scopes: ["email","openid","https://www.googleapis.com/auth/cloudplatformprojects.readonly","https://www.googleapis.com/auth/firebase","https://www.googleapis.com/auth/cloud-platform"]
[debug] [2026-06-12T00:59:13.988Z] > authorizing via signed-in user (support@thehomeproai.com)
[debug] [2026-06-12T00:59:13.990Z] Checked if tokens are valid: false, expires at: 1781208358853
[debug] [2026-06-12T00:59:13.990Z] Checked if tokens are valid: false, expires at: 1781208358853
[debug] [2026-06-12T00:59:13.991Z] > refreshing access token with scopes: []
[debug] [2026-06-12T00:59:13.992Z] >>> [apiv2][query] POST https://www.googleapis.com/oauth2/v3/token [none]
[debug] [2026-06-12T00:59:13.992Z] >>> [apiv2][body] POST https://www.googleapis.com/oauth2/v3/token [omitted]
[info] [Firebase Plugin] Starting SQL Connect toolkit (version 3.4.10) on port 50003
[debug] [2026-06-12T00:59:14.539Z] 'fdc build' failed with error: Unable to build your SQL Connect schema and connectors (exit code 1): E0611 19:59:14.534828    6568 cmd.go:43] Error loading data connect config: could not find dataconnect.yaml in `c:\Users\mialo\tmi-landing-1\dataconnect`
 {"metadata":{"emulator":{"name":"dataconnect"},"message":"'fdc build' failed with error: Unable to build your SQL Connect schema and connectors (exit code 1): E0611 19:59:14.534828    6568 cmd.go:43] Error loading data connect config: could not find dataconnect.yaml in `c:\\Users\\mialo\\tmi-landing-1\\dataconnect`\n"}}
[debug] [2026-06-12T00:59:14.539Z] Ignoring unsupported arg: auto_download {"metadata":{"emulator":{"name":"dataconnect"},"message":"Ignoring unsupported arg: auto_download"}}
[debug] [2026-06-12T00:59:14.539Z] Ignoring unsupported arg: port {"metadata":{"emulator":{"name":"dataconnect"},"message":"Ignoring unsupported arg: port"}}
[debug] [2026-06-12T00:59:14.539Z] Starting SQL Connect Emulator with command {"binary":"C:\\Users\\mialo\\.cache\\firebase\\emulators\\dataconnect-emulator-3.4.10.exe","args":["--logtostderr","-v=2","dev","--listen=localhost:50003","--config_dir=c:\\Users\\mialo\\tmi-landing-1\\dataconnect","--enable_output_schema_extensions=true","--enable_output_generated_sdk=true"],"optionalArgs":["listen","config_dir","enable_output_schema_extensions","enable_output_generated_sdk"],"joinArgs":true,"shell":false,"port":9399} {"metadata":{"emulator":{"name":"dataconnect"},"message":"Starting SQL Connect Emulator with command {\"binary\":\"C:\\\\Users\\\\mialo\\\\.cache\\\\firebase\\\\emulators\\\\dataconnect-emulator-3.4.10.exe\",\"args\":[\"--logtostderr\",\"-v=2\",\"dev\",\"--listen=localhost:50003\",\"--config_dir=c:\\\\Users\\\\mialo\\\\tmi-landing-1\\\\dataconnect\",\"--enable_output_schema_extensions=true\",\"--enable_output_generated_sdk=true\"],\"optionalArgs\":[\"listen\",\"config_dir\",\"enable_output_schema_extensions\",\"enable_output_generated_sdk\"],\"joinArgs\":true,\"shell\":false,\"port\":9399}"}}
[info] i  dataconnect: SQL Connect Emulator logging to dataconnect-debug.log {"metadata":{"emulator":{"name":"dataconnect"},"message":"SQL Connect Emulator logging to \u001b[1mdataconnect-debug.log\u001b[22m"}}
[debug] [2026-06-12T00:59:14.698Z] E0611 19:59:14.677013    1984 dev.go:83] Failed to load initial config from "c:\\Users\\mialo\\tmi-landing-1\\dataconnect": could not find dataconnect.yaml in `c:\Users\mialo\tmi-landing-1\dataconnect`
E0611 19:59:14.678780    1984 watch.go:116] watchAllDir unable to walk dir `c:\Users\mialo\tmi-landing-1\dataconnect`: GetFileAttributesEx c:\Users\mialo\tmi-landing-1\dataconnect: The system cannot find the file specified.
 {"metadata":{"emulator":{"name":"dataconnect"},"message":"E0611 19:59:14.677013    1984 dev.go:83] Failed to load initial config from \"c:\\\\Users\\\\mialo\\\\tmi-landing-1\\\\dataconnect\": could not find dataconnect.yaml in `c:\\Users\\mialo\\tmi-landing-1\\dataconnect`\nE0611 19:59:14.678780    1984 watch.go:116] watchAllDir unable to walk dir `c:\\Users\\mialo\\tmi-landing-1\\dataconnect`: GetFileAttributesEx c:\\Users\\mialo\\tmi-landing-1\\dataconnect: The system cannot find the file specified.\n"}}
[debug] [2026-06-12T00:59:14.727Z] I0611 19:59:14.717767    1984 dev.go:104] Listening on address (HTTP + gRPC): 127.0.0.1:50003
 {"metadata":{"emulator":{"name":"dataconnect"},"message":"I0611 19:59:14.717767    1984 dev.go:104] Listening on address (HTTP + gRPC): 127.0.0.1:50003\n"}}
[debug] [2026-06-12T00:59:14.729Z] <<< [apiv2][status] POST https://www.googleapis.com/oauth2/v3/token 200
[debug] [2026-06-12T00:59:14.729Z] <<< [apiv2][body] POST https://www.googleapis.com/oauth2/v3/token [omitted]
[debug] [2026-06-12T00:59:14.746Z] [Firebase Plugin] User found:  support@thehomeproai.com
[info] [Firebase Plugin] (Core:Project) New user detected, fetching projects
[debug] [2026-06-12T00:59:14.748Z] Checked if tokens are valid: true, expires at: 1781229553729
[debug] [2026-06-12T00:59:14.748Z] >>> [apiv2][query] GET https://firebase.googleapis.com/v1beta1/projects pageSize=1000
[error] [Firebase Plugin] error:  {}
[debug] [2026-06-12T00:59:15.199Z] <<< [apiv2][status] GET https://firebase.googleapis.com/v1beta1/projects 200
[debug] [2026-06-12T00:59:15.199Z] <<< [apiv2][body] GET https://firebase.googleapis.com/v1beta1/projects [omitted]
[debug] [2026-06-12T00:59:24.680Z] E0611 19:59:24.680292    1984 watch.go:40] Failed to load config from "c:\\Users\\mialo\\tmi-landing-1\\dataconnect": could not find dataconnect.yaml in `c:\Users\mialo\tmi-landing-1\dataconnect`
 {"metadata":{"emulator":{"name":"dataconnect"},"message":"E0611 19:59:24.680292    1984 watch.go:40] Failed to load config from \"c:\\\\Users\\\\mialo\\\\tmi-landing-1\\\\dataconnect\": could not find dataconnect.yaml in `c:\\Users\\mialo\\tmi-landing-1\\dataconnect`\n"}}
[debug] [2026-06-12T00:59:34.680Z] E0611 19:59:34.680426    1984 watch.go:40] Failed to load config from "c:\\Users\\mialo\\tmi-landing-1\\dataconnect": could not find dataconnect.yaml in `c:\Users\mialo\tmi-landing-1\dataconnect`
 {"metadata":{"emulator":{"name":"dataconnect"},"message":"E0611 19:59:34.680426    1984 watch.go:40] Failed to load config from \"c:\\\\Users\\\\mialo\\\\tmi-landing-1\\\\dataconnect\": could not find dataconnect.yaml in `c:\\Users\\mialo\\tmi-landing-1\\dataconnect`\n"}}
[debug] [2026-06-12T00:59:44.680Z] E0611 19:59:44.680252    1984 watch.go:40] Failed to load config from "c:\\Users\\mialo\\tmi-landing-1\\dataconnect": could not find dataconnect.yaml in `c:\Users\mialo\tmi-landing-1\dataconnect`
 {"metadata":{"emulator":{"name":"dataconnect"},"message":"E0611 19:59:44.680252    1984 watch.go:40] Failed to load config from \"c:\\\\Users\\\\mialo\\\\tmi-landing-1\\\\dataconnect\": could not find dataconnect.yaml in `c:\\Users\\mialo\\tmi-landing-1\\dataconnect`\n"}}
[debug] [2026-06-12T00:59:54.680Z] E0611 19:59:54.680147    1984 watch.go:40] Failed to load config from "c:\\Users\\mialo\\tmi-landing-1\\dataconnect": could not find dataconnect.yaml in `c:\Users\mialo\tmi-landing-1\dataconnect`
 {"metadata":{"emulator":{"name":"dataconnect"},"message":"E0611 19:59:54.680147    1984 watch.go:40] Failed to load config from \"c:\\\\Users\\\\mialo\\\\tmi-landing-1\\\\dataconnect\": could not find dataconnect.yaml in `c:\\Users\\mialo\\tmi-landing-1\\dataconnect`\n"}}
[debug] [2026-06-12T01:00:04.680Z] E0611 20:00:04.679868    1984 watch.go:40] Failed to load config from "c:\\Users\\mialo\\tmi-landing-1\\dataconnect": could not find dataconnect.yaml in `c:\Users\mialo\tmi-landing-1\dataconnect`
 {"metadata":{"emulator":{"name":"dataconnect"},"message":"E0611 20:00:04.679868    1984 watch.go:40] Failed to load config from \"c:\\\\Users\\\\mialo\\\\tmi-landing-1\\\\dataconnect\": could not find dataconnect.yaml in `c:\\Users\\mialo\\tmi-landing-1\\dataconnect`\n"}}
[debug] [2026-06-12T01:00:14.679Z] E0611 20:00:14.679984    1984 watch.go:116] watchAllDir unable to walk dir `c:\Users\mialo\tmi-landing-1\dataconnect`: GetFileAttributesEx c:\Users\mialo\tmi-landing-1\dataconnect: The system cannot find the file specified.
E0611 20:00:14.679984    1984 watch.go:40] Failed to load config from "c:\\Users\\mialo\\tmi-landing-1\\dataconnect": could not find dataconnect.yaml in `c:\Users\mialo\tmi-landing-1\dataconnect`
 {"metadata":{"emulator":{"name":"dataconnect"},"message":"E0611 20:00:14.679984    1984 watch.go:116] watchAllDir unable to walk dir `c:\\Users\\mialo\\tmi-landing-1\\dataconnect`: GetFileAttributesEx c:\\Users\\mialo\\tmi-landing-1\\dataconnect: The system cannot find the file specified.\nE0611 20:00:14.679984    1984 watch.go:40] Failed to load config from \"c:\\\\Users\\\\mialo\\\\tmi-landing-1\\\\dataconnect\": could not find dataconnect.yaml in `c:\\Users\\mialo\\tmi-landing-1\\dataconnect`\n"}}
[debug] [2026-06-12T01:00:24.680Z] E0611 20:00:24.680123    1984 watch.go:40] Failed to load config from "c:\\Users\\mialo\\tmi-landing-1\\dataconnect": could not find dataconnect.yaml in `c:\Users\mialo\tmi-landing-1\dataconnect`
 {"metadata":{"emulator":{"name":"dataconnect"},"message":"E0611 20:00:24.680123    1984 watch.go:40] Failed to load config from \"c:\\\\Users\\\\mialo\\\\tmi-landing-1\\\\dataconnect\": could not find dataconnect.yaml in `c:\\Users\\mialo\\tmi-landing-1\\dataconnect`\n"}}
[debug] [2026-06-12T01:00:34.680Z] E0611 20:00:34.680202    1984 watch.go:40] Failed to load config from "c:\\Users\\mialo\\tmi-landing-1\\dataconnect": could not find dataconnect.yaml in `c:\Users\mialo\tmi-landing-1\dataconnect`
 {"metadata":{"emulator":{"name":"dataconnect"},"message":"E0611 20:00:34.680202    1984 watch.go:40] Failed to load config from \"c:\\\\Users\\\\mialo\\\\tmi-landing-1\\\\dataconnect\": could not find dataconnect.yaml in `c:\\Users\\mialo\\tmi-landing-1\\dataconnect`\n"}}
[debug] [2026-06-12T01:00:44.680Z] E0611 20:00:44.680610    1984 watch.go:40] Failed to load config from "c:\\Users\\mialo\\tmi-landing-1\\dataconnect": could not find dataconnect.yaml in `c:\Users\mialo\tmi-landing-1\dataconnect`
 {"metadata":{"emulator":{"name":"dataconnect"},"message":"E0611 20:00:44.680610    1984 watch.go:40] Failed to load config from \"c:\\\\Users\\\\mialo\\\\tmi-landing-1\\\\dataconnect\": could not find dataconnect.yaml in `c:\\Users\\mialo\\tmi-landing-1\\dataconnect`\n"}}
[debug] [2026-06-12T01:00:54.680Z] E0611 20:00:54.680201    1984 watch.go:40] Failed to load config from "c:\\Users\\mialo\\tmi-landing-1\\dataconnect": could not find dataconnect.yaml in `c:\Users\mialo\tmi-landing-1\dataconnect`
 {"metadata":{"emulator":{"name":"dataconnect"},"message":"E0611 20:00:54.680201    1984 watch.go:40] Failed to load config from \"c:\\\\Users\\\\mialo\\\\tmi-landing-1\\\\dataconnect\": could not find dataconnect.yaml in `c:\\Users\\mialo\\tmi-landing-1\\dataconnect`\n"}}
[debug] [2026-06-12T01:01:04.679Z] E0611 20:01:04.680124    1984 watch.go:40] Failed to load config from "c:\\Users\\mialo\\tmi-landing-1\\dataconnect": could not find dataconnect.yaml in `c:\Users\mialo\tmi-landing-1\dataconnect`
 {"metadata":{"emulator":{"name":"dataconnect"},"message":"E0611 20:01:04.680124    1984 watch.go:40] Failed to load config from \"c:\\\\Users\\\\mialo\\\\tmi-landing-1\\\\dataconnect\": could not find dataconnect.yaml in `c:\\Users\\mialo\\tmi-landing-1\\dataconnect`\n"}}
[debug] [2026-06-12T01:01:14.680Z] E0611 20:01:14.680128    1984 watch.go:116] watchAllDir unable to walk dir `c:\Users\mialo\tmi-landing-1\dataconnect`: GetFileAttributesEx c:\Users\mialo\tmi-landing-1\dataconnect: The system cannot find the file specified.
E0611 20:01:14.680552    1984 watch.go:40] Failed to load config from "c:\\Users\\mialo\\tmi-landing-1\\dataconnect": could not find dataconnect.yaml in `c:\Users\mialo\tmi-landing-1\dataconnect`
 {"metadata":{"emulator":{"name":"dataconnect"},"message":"E0611 20:01:14.680128    1984 watch.go:116] watchAllDir unable to walk dir `c:\\Users\\mialo\\tmi-landing-1\\dataconnect`: GetFileAttributesEx c:\\Users\\mialo\\tmi-landing-1\\dataconnect: The system cannot find the file specified.\nE0611 20:01:14.680552    1984 watch.go:40] Failed to load config from \"c:\\\\Users\\\\mialo\\\\tmi-landing-1\\\\dataconnect\": could not find dataconnect.yaml in `c:\\Users\\mialo\\tmi-landing-1\\dataconnect`\n"}}
[debug] [2026-06-12T01:01:24.681Z] E0611 20:01:24.680767    1984 watch.go:40] Failed to load config from "c:\\Users\\mialo\\tmi-landing-1\\dataconnect": could not find dataconnect.yaml in `c:\Users\mialo\tmi-landing-1\dataconnect`
 {"metadata":{"emulator":{"name":"dataconnect"},"message":"E0611 20:01:24.680767    1984 watch.go:40] Failed to load config from \"c:\\\\Users\\\\mialo\\\\tmi-landing-1\\\\dataconnect\": could not find dataconnect.yaml in `c:\\Users\\mialo\\tmi-landing-1\\dataconnect`\n"}}
[debug] [2026-06-12T01:01:34.680Z] E0611 20:01:34.680649    1984 watch.go:40] Failed to load config from "c:\\Users\\mialo\\tmi-landing-1\\dataconnect": could not find dataconnect.yaml in `c:\Users\mialo\tmi-landing-1\dataconnect`
 {"metadata":{"emulator":{"name":"dataconnect"},"message":"E0611 20:01:34.680649    1984 watch.go:40] Failed to load config from \"c:\\\\Users\\\\mialo\\\\tmi-landing-1\\\\dataconnect\": could not find dataconnect.yaml in `c:\\Users\\mialo\\tmi-landing-1\\dataconnect`\n"}}
[debug] [2026-06-12T01:01:44.680Z] E0611 20:01:44.680597    1984 watch.go:40] Failed to load config from "c:\\Users\\mialo\\tmi-landing-1\\dataconnect": could not find dataconnect.yaml in `c:\Users\mialo\tmi-landing-1\dataconnect`
 {"metadata":{"emulator":{"name":"dataconnect"},"message":"E0611 20:01:44.680597    1984 watch.go:40] Failed to load config from \"c:\\\\Users\\\\mialo\\\\tmi-landing-1\\\\dataconnect\": could not find dataconnect.yaml in `c:\\Users\\mialo\\tmi-landing-1\\dataconnect`\n"}}
[debug] [2026-06-12T01:01:54.679Z] E0611 20:01:54.680036    1984 watch.go:40] Failed to load config from "c:\\Users\\mialo\\tmi-landing-1\\dataconnect": could not find dataconnect.yaml in `c:\Users\mialo\tmi-landing-1\dataconnect`
 {"metadata":{"emulator":{"name":"dataconnect"},"message":"E0611 20:01:54.680036    1984 watch.go:40] Failed to load config from \"c:\\\\Users\\\\mialo\\\\tmi-landing-1\\\\dataconnect\": could not find dataconnect.yaml in `c:\\Users\\mialo\\tmi-landing-1\\dataconnect`\n"}}
[debug] [2026-06-12T01:02:04.680Z] E0611 20:02:04.680558    1984 watch.go:40] Failed to load config from "c:\\Users\\mialo\\tmi-landing-1\\dataconnect": could not find dataconnect.yaml in `c:\Users\mialo\tmi-landing-1\dataconnect`
 {"metadata":{"emulator":{"name":"dataconnect"},"message":"E0611 20:02:04.680558    1984 watch.go:40] Failed to load config from \"c:\\\\Users\\\\mialo\\\\tmi-landing-1\\\\dataconnect\": could not find dataconnect.yaml in `c:\\Users\\mialo\\tmi-landing-1\\dataconnect`\n"}}
[debug] [2026-06-12T01:02:14.680Z] E0611 20:02:14.680194    1984 watch.go:116] watchAllDir unable to walk dir `c:\Users\mialo\tmi-landing-1\dataconnect`: GetFileAttributesEx c:\Users\mialo\tmi-landing-1\dataconnect: The system cannot find the file specified.
E0611 20:02:14.680194    1984 watch.go:40] Failed to load config from "c:\\Users\\mialo\\tmi-landing-1\\dataconnect": could not find dataconnect.yaml in `c:\Users\mialo\tmi-landing-1\dataconnect`
 {"metadata":{"emulator":{"name":"dataconnect"},"message":"E0611 20:02:14.680194    1984 watch.go:116] watchAllDir unable to walk dir `c:\\Users\\mialo\\tmi-landing-1\\dataconnect`: GetFileAttributesEx c:\\Users\\mialo\\tmi-landing-1\\dataconnect: The system cannot find the file specified.\nE0611 20:02:14.680194    1984 watch.go:40] Failed to load config from \"c:\\\\Users\\\\mialo\\\\tmi-landing-1\\\\dataconnect\": could not find dataconnect.yaml in `c:\\Users\\mialo\\tmi-landing-1\\dataconnect`\n"}}
[debug] [2026-06-12T01:02:24.680Z] E0611 20:02:24.680421    1984 watch.go:40] Failed to load config from "c:\\Users\\mialo\\tmi-landing-1\\dataconnect": could not find dataconnect.yaml in `c:\Users\mialo\tmi-landing-1\dataconnect`
 {"metadata":{"emulator":{"name":"dataconnect"},"message":"E0611 20:02:24.680421    1984 watch.go:40] Failed to load config from \"c:\\\\Users\\\\mialo\\\\tmi-landing-1\\\\dataconnect\": could not find dataconnect.yaml in `c:\\Users\\mialo\\tmi-landing-1\\dataconnect`\n"}}
[debug] [2026-06-12T01:02:34.680Z] E0611 20:02:34.680284    1984 watch.go:40] Failed to load config from "c:\\Users\\mialo\\tmi-landing-1\\dataconnect": could not find dataconnect.yaml in `c:\Users\mialo\tmi-landing-1\dataconnect`
 {"metadata":{"emulator":{"name":"dataconnect"},"message":"E0611 20:02:34.680284    1984 watch.go:40] Failed to load config from \"c:\\\\Users\\\\mialo\\\\tmi-landing-1\\\\dataconnect\": could not find dataconnect.yaml in `c:\\Users\\mialo\\tmi-landing-1\\dataconnect`\n"}}
[debug] [2026-06-12T01:02:44.680Z] E0611 20:02:44.680418    1984 watch.go:40] Failed to load config from "c:\\Users\\mialo\\tmi-landing-1\\dataconnect": could not find dataconnect.yaml in `c:\Users\mialo\tmi-landing-1\dataconnect`
 {"metadata":{"emulator":{"name":"dataconnect"},"message":"E0611 20:02:44.680418    1984 watch.go:40] Failed to load config from \"c:\\\\Users\\\\mialo\\\\tmi-landing-1\\\\dataconnect\": could not find dataconnect.yaml in `c:\\Users\\mialo\\tmi-landing-1\\dataconnect`\n"}}
[debug] [2026-06-12T01:02:54.680Z] E0611 20:02:54.680358    1984 watch.go:40] Failed to load config from "c:\\Users\\mialo\\tmi-landing-1\\dataconnect": could not find dataconnect.yaml in `c:\Users\mialo\tmi-landing-1\dataconnect`
 {"metadata":{"emulator":{"name":"dataconnect"},"message":"E0611 20:02:54.680358    1984 watch.go:40] Failed to load config from \"c:\\\\Users\\\\mialo\\\\tmi-landing-1\\\\dataconnect\": could not find dataconnect.yaml in `c:\\Users\\mialo\\tmi-landing-1\\dataconnect`\n"}}
[debug] [2026-06-12T01:03:04.680Z] E0611 20:03:04.680458    1984 watch.go:40] Failed to load config from "c:\\Users\\mialo\\tmi-landing-1\\dataconnect": could not find dataconnect.yaml in `c:\Users\mialo\tmi-landing-1\dataconnect`
 {"metadata":{"emulator":{"name":"dataconnect"},"message":"E0611 20:03:04.680458    1984 watch.go:40] Failed to load config from \"c:\\\\Users\\\\mialo\\\\tmi-landing-1\\\\dataconnect\": could not find dataconnect.yaml in `c:\\Users\\mialo\\tmi-landing-1\\dataconnect`\n"}}
[debug] [2026-06-12T01:03:14.680Z] E0611 20:03:14.680370    1984 watch.go:116] watchAllDir unable to walk dir `c:\Users\mialo\tmi-landing-1\dataconnect`: GetFileAttributesEx c:\Users\mialo\tmi-landing-1\dataconnect: The system cannot find the file specified.
E0611 20:03:14.680370    1984 watch.go:40] Failed to load config from "c:\\Users\\mialo\\tmi-landing-1\\dataconnect": could not find dataconnect.yaml in `c:\Users\mialo\tmi-landing-1\dataconnect`
 {"metadata":{"emulator":{"name":"dataconnect"},"message":"E0611 20:03:14.680370    1984 watch.go:116] watchAllDir unable to walk dir `c:\\Users\\mialo\\tmi-landing-1\\dataconnect`: GetFileAttributesEx c:\\Users\\mialo\\tmi-landing-1\\dataconnect: The system cannot find the file specified.\nE0611 20:03:14.680370    1984 watch.go:40] Failed to load config from \"c:\\\\Users\\\\mialo\\\\tmi-landing-1\\\\dataconnect\": could not find dataconnect.yaml in `c:\\Users\\mialo\\tmi-landing-1\\dataconnect`\n"}}
[debug] [2026-06-12T01:03:24.680Z] E0611 20:03:24.680811    1984 watch.go:40] Failed to load config from "c:\\Users\\mialo\\tmi-landing-1\\dataconnect": could not find dataconnect.yaml in `c:\Users\mialo\tmi-landing-1\dataconnect`
 {"metadata":{"emulator":{"name":"dataconnect"},"message":"E0611 20:03:24.680811    1984 watch.go:40] Failed to load config from \"c:\\\\Users\\\\mialo\\\\tmi-landing-1\\\\dataconnect\": could not find dataconnect.yaml in `c:\\Users\\mialo\\tmi-landing-1\\dataconnect`\n"}}
[debug] [2026-06-12T01:03:34.680Z] E0611 20:03:34.680159    1984 watch.go:40] Failed to load config from "c:\\Users\\mialo\\tmi-landing-1\\dataconnect": could not find dataconnect.yaml in `c:\Users\mialo\tmi-landing-1\dataconnect`
 {"metadata":{"emulator":{"name":"dataconnect"},"message":"E0611 20:03:34.680159    1984 watch.go:40] Failed to load config from \"c:\\\\Users\\\\mialo\\\\tmi-landing-1\\\\dataconnect\": could not find dataconnect.yaml in `c:\\Users\\mialo\\tmi-landing-1\\dataconnect`\n"}}
[debug] [2026-06-12T01:03:44.679Z] E0611 20:03:44.680180    1984 watch.go:40] Failed to load config from "c:\\Users\\mialo\\tmi-landing-1\\dataconnect": could not find dataconnect.yaml in `c:\Users\mialo\tmi-landing-1\dataconnect`
 {"metadata":{"emulator":{"name":"dataconnect"},"message":"E0611 20:03:44.680180    1984 watch.go:40] Failed to load config from \"c:\\\\Users\\\\mialo\\\\tmi-landing-1\\\\dataconnect\": could not find dataconnect.yaml in `c:\\Users\\mialo\\tmi-landing-1\\dataconnect`\n"}}
[debug] [2026-06-12T01:03:54.679Z] E0611 20:03:54.680257    1984 watch.go:40] Failed to load config from "c:\\Users\\mialo\\tmi-landing-1\\dataconnect": could not find dataconnect.yaml in `c:\Users\mialo\tmi-landing-1\dataconnect`
 {"metadata":{"emulator":{"name":"dataconnect"},"message":"E0611 20:03:54.680257    1984 watch.go:40] Failed to load config from \"c:\\\\Users\\\\mialo\\\\tmi-landing-1\\\\dataconnect\": could not find dataconnect.yaml in `c:\\Users\\mialo\\tmi-landing-1\\dataconnect`\n"}}
[debug] [2026-06-12T01:04:04.699Z] E0611 20:04:04.680370    1984 watch.go:40] Failed to load config from "c:\\Users\\mialo\\tmi-landing-1\\dataconnect": could not find dataconnect.yaml in `c:\Users\mialo\tmi-landing-1\dataconnect`
 {"metadata":{"emulator":{"name":"dataconnect"},"message":"E0611 20:04:04.680370    1984 watch.go:40] Failed to load config from \"c:\\\\Users\\\\mialo\\\\tmi-landing-1\\\\dataconnect\": could not find dataconnect.yaml in `c:\\Users\\mialo\\tmi-landing-1\\dataconnect`\n"}}
[debug] [2026-06-12T01:04:14.679Z] E0611 20:04:14.679967    1984 watch.go:116] watchAllDir unable to walk dir `c:\Users\mialo\tmi-landing-1\dataconnect`: GetFileAttributesEx c:\Users\mialo\tmi-landing-1\dataconnect: The system cannot find the file specified.
E0611 20:04:14.679967    1984 watch.go:40] Failed to load config from "c:\\Users\\mialo\\tmi-landing-1\\dataconnect": could not find dataconnect.yaml in `c:\Users\mialo\tmi-landing-1\dataconnect`
 {"metadata":{"emulator":{"name":"dataconnect"},"message":"E0611 20:04:14.679967    1984 watch.go:116] watchAllDir unable to walk dir `c:\\Users\\mialo\\tmi-landing-1\\dataconnect`: GetFileAttributesEx c:\\Users\\mialo\\tmi-landing-1\\dataconnect: The system cannot find the file specified.\nE0611 20:04:14.679967    1984 watch.go:40] Failed to load config from \"c:\\\\Users\\\\mialo\\\\tmi-landing-1\\\\dataconnect\": could not find dataconnect.yaml in `c:\\Users\\mialo\\tmi-landing-1\\dataconnect`\n"}}
[debug] [2026-06-12T01:04:24.680Z] E0611 20:04:24.680157    1984 watch.go:40] Failed to load config from "c:\\Users\\mialo\\tmi-landing-1\\dataconnect": could not find dataconnect.yaml in `c:\Users\mialo\tmi-landing-1\dataconnect`
 {"metadata":{"emulator":{"name":"dataconnect"},"message":"E0611 20:04:24.680157    1984 watch.go:40] Failed to load config from \"c:\\\\Users\\\\mialo\\\\tmi-landing-1\\\\dataconnect\": could not find dataconnect.yaml in `c:\\Users\\mialo\\tmi-landing-1\\dataconnect`\n"}}
[debug] [2026-06-12T01:04:34.680Z] E0611 20:04:34.680359    1984 watch.go:40] Failed to load config from "c:\\Users\\mialo\\tmi-landing-1\\dataconnect": could not find dataconnect.yaml in `c:\Users\mialo\tmi-landing-1\dataconnect`
 {"metadata":{"emulator":{"name":"dataconnect"},"message":"E0611 20:04:34.680359    1984 watch.go:40] Failed to load config from \"c:\\\\Users\\\\mialo\\\\tmi-landing-1\\\\dataconnect\": could not find dataconnect.yaml in `c:\\Users\\mialo\\tmi-landing-1\\dataconnect`\n"}}
[debug] [2026-06-12T01:04:44.680Z] E0611 20:04:44.680249    1984 watch.go:40] Failed to load config from "c:\\Users\\mialo\\tmi-landing-1\\dataconnect": could not find dataconnect.yaml in `c:\Users\mialo\tmi-landing-1\dataconnect`
 {"metadata":{"emulator":{"name":"dataconnect"},"message":"E0611 20:04:44.680249    1984 watch.go:40] Failed to load config from \"c:\\\\Users\\\\mialo\\\\tmi-landing-1\\\\dataconnect\": could not find dataconnect.yaml in `c:\\Users\\mialo\\tmi-landing-1\\dataconnect`\n"}}
[debug] [2026-06-12T01:04:54.680Z] E0611 20:04:54.680475    1984 watch.go:40] Failed to load config from "c:\\Users\\mialo\\tmi-landing-1\\dataconnect": could not find dataconnect.yaml in `c:\Users\mialo\tmi-landing-1\dataconnect`
 {"metadata":{"emulator":{"name":"dataconnect"},"message":"E0611 20:04:54.680475    1984 watch.go:40] Failed to load config from \"c:\\\\Users\\\\mialo\\\\tmi-landing-1\\\\dataconnect\": could not find dataconnect.yaml in `c:\\Users\\mialo\\tmi-landing-1\\dataconnect`\n"}}
[debug] [2026-06-12T01:05:04.680Z] E0611 20:05:04.680277    1984 watch.go:40] Failed to load config from "c:\\Users\\mialo\\tmi-landing-1\\dataconnect": could not find dataconnect.yaml in `c:\Users\mialo\tmi-landing-1\dataconnect`
 {"metadata":{"emulator":{"name":"dataconnect"},"message":"E0611 20:05:04.680277    1984 watch.go:40] Failed to load config from \"c:\\\\Users\\\\mialo\\\\tmi-landing-1\\\\dataconnect\": could not find dataconnect.yaml in `c:\\Users\\mialo\\tmi-landing-1\\dataconnect`\n"}}
[debug] [2026-06-12T01:05:14.680Z] E0611 20:05:14.680240    1984 watch.go:116] watchAllDir unable to walk dir `c:\Users\mialo\tmi-landing-1\dataconnect`: GetFileAttributesEx c:\Users\mialo\tmi-landing-1\dataconnect: The system cannot find the file specified.
E0611 20:05:14.680240    1984 watch.go:40] Failed to load config from "c:\\Users\\mialo\\tmi-landing-1\\dataconnect": could not find dataconnect.yaml in `c:\Users\mialo\tmi-landing-1\dataconnect`
 {"metadata":{"emulator":{"name":"dataconnect"},"message":"E0611 20:05:14.680240    1984 watch.go:116] watchAllDir unable to walk dir `c:\\Users\\mialo\\tmi-landing-1\\dataconnect`: GetFileAttributesEx c:\\Users\\mialo\\tmi-landing-1\\dataconnect: The system cannot find the file specified.\nE0611 20:05:14.680240    1984 watch.go:40] Failed to load config from \"c:\\\\Users\\\\mialo\\\\tmi-landing-1\\\\dataconnect\": could not find dataconnect.yaml in `c:\\Users\\mialo\\tmi-landing-1\\dataconnect`\n"}}
[debug] [2026-06-12T01:05:24.680Z] E0611 20:05:24.680598    1984 watch.go:40] Failed to load config from "c:\\Users\\mialo\\tmi-landing-1\\dataconnect": could not find dataconnect.yaml in `c:\Users\mialo\tmi-landing-1\dataconnect`
 {"metadata":{"emulator":{"name":"dataconnect"},"message":"E0611 20:05:24.680598    1984 watch.go:40] Failed to load config from \"c:\\\\Users\\\\mialo\\\\tmi-landing-1\\\\dataconnect\": could not find dataconnect.yaml in `c:\\Users\\mialo\\tmi-landing-1\\dataconnect`\n"}}
[debug] [2026-06-12T01:05:34.680Z] E0611 20:05:34.680029    1984 watch.go:40] Failed to load config from "c:\\Users\\mialo\\tmi-landing-1\\dataconnect": could not find dataconnect.yaml in `c:\Users\mialo\tmi-landing-1\dataconnect`
 {"metadata":{"emulator":{"name":"dataconnect"},"message":"E0611 20:05:34.680029    1984 watch.go:40] Failed to load config from \"c:\\\\Users\\\\mialo\\\\tmi-landing-1\\\\dataconnect\": could not find dataconnect.yaml in `c:\\Users\\mialo\\tmi-landing-1\\dataconnect`\n"}}
[debug] [2026-06-12T01:05:44.680Z] E0611 20:05:44.680383    1984 watch.go:40] Failed to load config from "c:\\Users\\mialo\\tmi-landing-1\\dataconnect": could not find dataconnect.yaml in `c:\Users\mialo\tmi-landing-1\dataconnect`
 {"metadata":{"emulator":{"name":"dataconnect"},"message":"E0611 20:05:44.680383    1984 watch.go:40] Failed to load config from \"c:\\\\Users\\\\mialo\\\\tmi-landing-1\\\\dataconnect\": could not find dataconnect.yaml in `c:\\Users\\mialo\\tmi-landing-1\\dataconnect`\n"}}
[debug] [2026-06-12T01:05:54.680Z] E0611 20:05:54.680221    1984 watch.go:40] Failed to load config from "c:\\Users\\mialo\\tmi-landing-1\\dataconnect": could not find dataconnect.yaml in `c:\Users\mialo\tmi-landing-1\dataconnect`
 {"metadata":{"emulator":{"name":"dataconnect"},"message":"E0611 20:05:54.680221    1984 watch.go:40] Failed to load config from \"c:\\\\Users\\\\mialo\\\\tmi-landing-1\\\\dataconnect\": could not find dataconnect.yaml in `c:\\Users\\mialo\\tmi-landing-1\\dataconnect`\n"}}
[debug] [2026-06-12T01:06:04.680Z] E0611 20:06:04.680317    1984 watch.go:40] Failed to load config from "c:\\Users\\mialo\\tmi-landing-1\\dataconnect": could not find dataconnect.yaml in `c:\Users\mialo\tmi-landing-1\dataconnect`
 {"metadata":{"emulator":{"name":"dataconnect"},"message":"E0611 20:06:04.680317    1984 watch.go:40] Failed to load config from \"c:\\\\Users\\\\mialo\\\\tmi-landing-1\\\\dataconnect\": could not find dataconnect.yaml in `c:\\Users\\mialo\\tmi-landing-1\\dataconnect`\n"}}
[debug] [2026-06-12T01:06:14.680Z] E0611 20:06:14.680404    1984 watch.go:116] watchAllDir unable to walk dir `c:\Users\mialo\tmi-landing-1\dataconnect`: GetFileAttributesEx c:\Users\mialo\tmi-landing-1\dataconnect: The system cannot find the file specified.
E0611 20:06:14.680404    1984 watch.go:40] Failed to load config from "c:\\Users\\mialo\\tmi-landing-1\\dataconnect": could not find dataconnect.yaml in `c:\Users\mialo\tmi-landing-1\dataconnect`
 {"metadata":{"emulator":{"name":"dataconnect"},"message":"E0611 20:06:14.680404    1984 watch.go:116] watchAllDir unable to walk dir `c:\\Users\\mialo\\tmi-landing-1\\dataconnect`: GetFileAttributesEx c:\\Users\\mialo\\tmi-landing-1\\dataconnect: The system cannot find the file specified.\nE0611 20:06:14.680404    1984 watch.go:40] Failed to load config from \"c:\\\\Users\\\\mialo\\\\tmi-landing-1\\\\dataconnect\": could not find dataconnect.yaml in `c:\\Users\\mialo\\tmi-landing-1\\dataconnect`\n"}}
[debug] [2026-06-12T01:06:24.680Z] E0611 20:06:24.680395    1984 watch.go:40] Failed to load config from "c:\\Users\\mialo\\tmi-landing-1\\dataconnect": could not find dataconnect.yaml in `c:\Users\mialo\tmi-landing-1\dataconnect`
 {"metadata":{"emulator":{"name":"dataconnect"},"message":"E0611 20:06:24.680395    1984 watch.go:40] Failed to load config from \"c:\\\\Users\\\\mialo\\\\tmi-landing-1\\\\dataconnect\": could not find dataconnect.yaml in `c:\\Users\\mialo\\tmi-landing-1\\dataconnect`\n"}}
[debug] [2026-06-12T01:06:34.680Z] E0611 20:06:34.680271    1984 watch.go:40] Failed to load config from "c:\\Users\\mialo\\tmi-landing-1\\dataconnect": could not find dataconnect.yaml in `c:\Users\mialo\tmi-landing-1\dataconnect`
 {"metadata":{"emulator":{"name":"dataconnect"},"message":"E0611 20:06:34.680271    1984 watch.go:40] Failed to load config from \"c:\\\\Users\\\\mialo\\\\tmi-landing-1\\\\dataconnect\": could not find dataconnect.yaml in `c:\\Users\\mialo\\tmi-landing-1\\dataconnect`\n"}}
[debug] [2026-06-12T01:06:44.680Z] E0611 20:06:44.680291    1984 watch.go:40] Failed to load config from "c:\\Users\\mialo\\tmi-landing-1\\dataconnect": could not find dataconnect.yaml in `c:\Users\mialo\tmi-landing-1\dataconnect`
 {"metadata":{"emulator":{"name":"dataconnect"},"message":"E0611 20:06:44.680291    1984 watch.go:40] Failed to load config from \"c:\\\\Users\\\\mialo\\\\tmi-landing-1\\\\dataconnect\": could not find dataconnect.yaml in `c:\\Users\\mialo\\tmi-landing-1\\dataconnect`\n"}}
[debug] [2026-06-12T01:06:54.680Z] E0611 20:06:54.680305    1984 watch.go:40] Failed to load config from "c:\\Users\\mialo\\tmi-landing-1\\dataconnect": could not find dataconnect.yaml in `c:\Users\mialo\tmi-landing-1\dataconnect`
 {"metadata":{"emulator":{"name":"dataconnect"},"message":"E0611 20:06:54.680305    1984 watch.go:40] Failed to load config from \"c:\\\\Users\\\\mialo\\\\tmi-landing-1\\\\dataconnect\": could not find dataconnect.yaml in `c:\\Users\\mialo\\tmi-landing-1\\dataconnect`\n"}}
[debug] [2026-06-12T01:07:04.680Z] E0611 20:07:04.680191    1984 watch.go:40] Failed to load config from "c:\\Users\\mialo\\tmi-landing-1\\dataconnect": could not find dataconnect.yaml in `c:\Users\mialo\tmi-landing-1\dataconnect`
 {"metadata":{"emulator":{"name":"dataconnect"},"message":"E0611 20:07:04.680191    1984 watch.go:40] Failed to load config from \"c:\\\\Users\\\\mialo\\\\tmi-landing-1\\\\dataconnect\": could not find dataconnect.yaml in `c:\\Users\\mialo\\tmi-landing-1\\dataconnect`\n"}}
[debug] [2026-06-12T01:07:14.679Z] E0611 20:07:14.680207    1984 watch.go:40] Failed to load config from "c:\\Users\\mialo\\tmi-landing-1\\dataconnect": could not find dataconnect.yaml in `c:\Users\mialo\tmi-landing-1\dataconnect`
E0611 20:07:14.680207    1984 watch.go:116] watchAllDir unable to walk dir `c:\Users\mialo\tmi-landing-1\dataconnect`: GetFileAttributesEx c:\Users\mialo\tmi-landing-1\dataconnect: The system cannot find the file specified.
 {"metadata":{"emulator":{"name":"dataconnect"},"message":"E0611 20:07:14.680207    1984 watch.go:40] Failed to load config from \"c:\\\\Users\\\\mialo\\\\tmi-landing-1\\\\dataconnect\": could not find dataconnect.yaml in `c:\\Users\\mialo\\tmi-landing-1\\dataconnect`\nE0611 20:07:14.680207    1984 watch.go:116] watchAllDir unable to walk dir `c:\\Users\\mialo\\tmi-landing-1\\dataconnect`: GetFileAttributesEx c:\\Users\\mialo\\tmi-landing-1\\dataconnect: The system cannot find the file specified.\n"}}
[debug] [2026-06-12T01:07:24.680Z] E0611 20:07:24.680367    1984 watch.go:40] Failed to load config from "c:\\Users\\mialo\\tmi-landing-1\\dataconnect": could not find dataconnect.yaml in `c:\Users\mialo\tmi-landing-1\dataconnect`
 {"metadata":{"emulator":{"name":"dataconnect"},"message":"E0611 20:07:24.680367    1984 watch.go:40] Failed to load config from \"c:\\\\Users\\\\mialo\\\\tmi-landing-1\\\\dataconnect\": could not find dataconnect.yaml in `c:\\Users\\mialo\\tmi-landing-1\\dataconnect`\n"}}
[debug] [2026-06-12T01:07:34.679Z] E0611 20:07:34.679944    1984 watch.go:40] Failed to load config from "c:\\Users\\mialo\\tmi-landing-1\\dataconnect": could not find dataconnect.yaml in `c:\Users\mialo\tmi-landing-1\dataconnect`
 {"metadata":{"emulator":{"name":"dataconnect"},"message":"E0611 20:07:34.679944    1984 watch.go:40] Failed to load config from \"c:\\\\Users\\\\mialo\\\\tmi-landing-1\\\\dataconnect\": could not find dataconnect.yaml in `c:\\Users\\mialo\\tmi-landing-1\\dataconnect`\n"}}
[debug] [2026-06-12T01:07:44.680Z] E0611 20:07:44.680740    1984 watch.go:40] Failed to load config from "c:\\Users\\mialo\\tmi-landing-1\\dataconnect": could not find dataconnect.yaml in `c:\Users\mialo\tmi-landing-1\dataconnect`
 {"metadata":{"emulator":{"name":"dataconnect"},"message":"E0611 20:07:44.680740    1984 watch.go:40] Failed to load config from \"c:\\\\Users\\\\mialo\\\\tmi-landing-1\\\\dataconnect\": could not find dataconnect.yaml in `c:\\Users\\mialo\\tmi-landing-1\\dataconnect`\n"}}
[debug] [2026-06-12T01:07:54.680Z] E0611 20:07:54.680065    1984 watch.go:40] Failed to load config from "c:\\Users\\mialo\\tmi-landing-1\\dataconnect": could not find dataconnect.yaml in `c:\Users\mialo\tmi-landing-1\dataconnect`
 {"metadata":{"emulator":{"name":"dataconnect"},"message":"E0611 20:07:54.680065    1984 watch.go:40] Failed to load config from \"c:\\\\Users\\\\mialo\\\\tmi-landing-1\\\\dataconnect\": could not find dataconnect.yaml in `c:\\Users\\mialo\\tmi-landing-1\\dataconnect`\n"}}
[debug] [2026-06-12T01:08:04.680Z] E0611 20:08:04.680260    1984 watch.go:40] Failed to load config from "c:\\Users\\mialo\\tmi-landing-1\\dataconnect": could not find dataconnect.yaml in `c:\Users\mialo\tmi-landing-1\dataconnect`
 {"metadata":{"emulator":{"name":"dataconnect"},"message":"E0611 20:08:04.680260    1984 watch.go:40] Failed to load config from \"c:\\\\Users\\\\mialo\\\\tmi-landing-1\\\\dataconnect\": could not find dataconnect.yaml in `c:\\Users\\mialo\\tmi-landing-1\\dataconnect`\n"}}
[debug] [2026-06-12T01:08:14.680Z] E0611 20:08:14.680359    1984 watch.go:116] watchAllDir unable to walk dir `c:\Users\mialo\tmi-landing-1\dataconnect`: GetFileAttributesEx c:\Users\mialo\tmi-landing-1\dataconnect: The system cannot find the file specified.
E0611 20:08:14.680359    1984 watch.go:40] Failed to load config from "c:\\Users\\mialo\\tmi-landing-1\\dataconnect": could not find dataconnect.yaml in `c:\Users\mialo\tmi-landing-1\dataconnect`
 {"metadata":{"emulator":{"name":"dataconnect"},"message":"E0611 20:08:14.680359    1984 watch.go:116] watchAllDir unable to walk dir `c:\\Users\\mialo\\tmi-landing-1\\dataconnect`: GetFileAttributesEx c:\\Users\\mialo\\tmi-landing-1\\dataconnect: The system cannot find the file specified.\nE0611 20:08:14.680359    1984 watch.go:40] Failed to load config from \"c:\\\\Users\\\\mialo\\\\tmi-landing-1\\\\dataconnect\": could not find dataconnect.yaml in `c:\\Users\\mialo\\tmi-landing-1\\dataconnect`\n"}}
[debug] [2026-06-12T01:08:24.680Z] E0611 20:08:24.680140    1984 watch.go:40] Failed to load config from "c:\\Users\\mialo\\tmi-landing-1\\dataconnect": could not find dataconnect.yaml in `c:\Users\mialo\tmi-landing-1\dataconnect`
 {"metadata":{"emulator":{"name":"dataconnect"},"message":"E0611 20:08:24.680140    1984 watch.go:40] Failed to load config from \"c:\\\\Users\\\\mialo\\\\tmi-landing-1\\\\dataconnect\": could not find dataconnect.yaml in `c:\\Users\\mialo\\tmi-landing-1\\dataconnect`\n"}}
[debug] [2026-06-12T01:08:34.680Z] E0611 20:08:34.680399    1984 watch.go:40] Failed to load config from "c:\\Users\\mialo\\tmi-landing-1\\dataconnect": could not find dataconnect.yaml in `c:\Users\mialo\tmi-landing-1\dataconnect`
 {"metadata":{"emulator":{"name":"dataconnect"},"message":"E0611 20:08:34.680399    1984 watch.go:40] Failed to load config from \"c:\\\\Users\\\\mialo\\\\tmi-landing-1\\\\dataconnect\": could not find dataconnect.yaml in `c:\\Users\\mialo\\tmi-landing-1\\dataconnect`\n"}}
[debug] [2026-06-12T01:08:44.680Z] E0611 20:08:44.680252    1984 watch.go:40] Failed to load config from "c:\\Users\\mialo\\tmi-landing-1\\dataconnect": could not find dataconnect.yaml in `c:\Users\mialo\tmi-landing-1\dataconnect`
 {"metadata":{"emulator":{"name":"dataconnect"},"message":"E0611 20:08:44.680252    1984 watch.go:40] Failed to load config from \"c:\\\\Users\\\\mialo\\\\tmi-landing-1\\\\dataconnect\": could not find dataconnect.yaml in `c:\\Users\\mialo\\tmi-landing-1\\dataconnect`\n"}}
[debug] [2026-06-12T01:08:54.679Z] E0611 20:08:54.680004    1984 watch.go:40] Failed to load config from "c:\\Users\\mialo\\tmi-landing-1\\dataconnect": could not find dataconnect.yaml in `c:\Users\mialo\tmi-landing-1\dataconnect`
 {"metadata":{"emulator":{"name":"dataconnect"},"message":"E0611 20:08:54.680004    1984 watch.go:40] Failed to load config from \"c:\\\\Users\\\\mialo\\\\tmi-landing-1\\\\dataconnect\": could not find dataconnect.yaml in `c:\\Users\\mialo\\tmi-landing-1\\dataconnect`\n"}}
[debug] [2026-06-12T01:09:04.680Z] E0611 20:09:04.680489    1984 watch.go:40] Failed to load config from "c:\\Users\\mialo\\tmi-landing-1\\dataconnect": could not find dataconnect.yaml in `c:\Users\mialo\tmi-landing-1\dataconnect`
 {"metadata":{"emulator":{"name":"dataconnect"},"message":"E0611 20:09:04.680489    1984 watch.go:40] Failed to load config from \"c:\\\\Users\\\\mialo\\\\tmi-landing-1\\\\dataconnect\": could not find dataconnect.yaml in `c:\\Users\\mialo\\tmi-landing-1\\dataconnect`\n"}}
[debug] [2026-06-12T01:09:14.679Z] E0611 20:09:14.679881    1984 watch.go:116] watchAllDir unable to walk dir `c:\Users\mialo\tmi-landing-1\dataconnect`: GetFileAttributesEx c:\Users\mialo\tmi-landing-1\dataconnect: The system cannot find the file specified.
 {"metadata":{"emulator":{"name":"dataconnect"},"message":"E0611 20:09:14.679881    1984 watch.go:116] watchAllDir unable to walk dir `c:\\Users\\mialo\\tmi-landing-1\\dataconnect`: GetFileAttributesEx c:\\Users\\mialo\\tmi-landing-1\\dataconnect: The system cannot find the file specified.\n"}}
[debug] [2026-06-12T01:09:14.680Z] E0611 20:09:14.680385    1984 watch.go:40] Failed to load config from "c:\\Users\\mialo\\tmi-landing-1\\dataconnect": could not find dataconnect.yaml in `c:\Users\mialo\tmi-landing-1\dataconnect`
 {"metadata":{"emulator":{"name":"dataconnect"},"message":"E0611 20:09:14.680385    1984 watch.go:40] Failed to load config from \"c:\\\\Users\\\\mialo\\\\tmi-landing-1\\\\dataconnect\": could not find dataconnect.yaml in `c:\\Users\\mialo\\tmi-landing-1\\dataconnect`\n"}}
[debug] [2026-06-12T01:09:24.680Z] E0611 20:09:24.680391    1984 watch.go:40] Failed to load config from "c:\\Users\\mialo\\tmi-landing-1\\dataconnect": could not find dataconnect.yaml in `c:\Users\mialo\tmi-landing-1\dataconnect`
 {"metadata":{"emulator":{"name":"dataconnect"},"message":"E0611 20:09:24.680391    1984 watch.go:40] Failed to load config from \"c:\\\\Users\\\\mialo\\\\tmi-landing-1\\\\dataconnect\": could not find dataconnect.yaml in `c:\\Users\\mialo\\tmi-landing-1\\dataconnect`\n"}}
[debug] [2026-06-12T01:09:34.680Z] E0611 20:09:34.680277    1984 watch.go:40] Failed to load config from "c:\\Users\\mialo\\tmi-landing-1\\dataconnect": could not find dataconnect.yaml in `c:\Users\mialo\tmi-landing-1\dataconnect`
 {"metadata":{"emulator":{"name":"dataconnect"},"message":"E0611 20:09:34.680277    1984 watch.go:40] Failed to load config from \"c:\\\\Users\\\\mialo\\\\tmi-landing-1\\\\dataconnect\": could not find dataconnect.yaml in `c:\\Users\\mialo\\tmi-landing-1\\dataconnect`\n"}}
[debug] [2026-06-12T01:09:44.680Z] E0611 20:09:44.680422    1984 watch.go:40] Failed to load config from "c:\\Users\\mialo\\tmi-landing-1\\dataconnect": could not find dataconnect.yaml in `c:\Users\mialo\tmi-landing-1\dataconnect`
 {"metadata":{"emulator":{"name":"dataconnect"},"message":"E0611 20:09:44.680422    1984 watch.go:40] Failed to load config from \"c:\\\\Users\\\\mialo\\\\tmi-landing-1\\\\dataconnect\": could not find dataconnect.yaml in `c:\\Users\\mialo\\tmi-landing-1\\dataconnect`\n"}}
[debug] [2026-06-12T01:09:54.680Z] E0611 20:09:54.680313    1984 watch.go:40] Failed to load config from "c:\\Users\\mialo\\tmi-landing-1\\dataconnect": could not find dataconnect.yaml in `c:\Users\mialo\tmi-landing-1\dataconnect`
 {"metadata":{"emulator":{"name":"dataconnect"},"message":"E0611 20:09:54.680313    1984 watch.go:40] Failed to load config from \"c:\\\\Users\\\\mialo\\\\tmi-landing-1\\\\dataconnect\": could not find dataconnect.yaml in `c:\\Users\\mialo\\tmi-landing-1\\dataconnect`\n"}}
[debug] [2026-06-12T01:10:04.680Z] E0611 20:10:04.679997    1984 watch.go:40] Failed to load config from "c:\\Users\\mialo\\tmi-landing-1\\dataconnect": could not find dataconnect.yaml in `c:\Users\mialo\tmi-landing-1\dataconnect`
 {"metadata":{"emulator":{"name":"dataconnect"},"message":"E0611 20:10:04.679997    1984 watch.go:40] Failed to load config from \"c:\\\\Users\\\\mialo\\\\tmi-landing-1\\\\dataconnect\": could not find dataconnect.yaml in `c:\\Users\\mialo\\tmi-landing-1\\dataconnect`\n"}}
[debug] [2026-06-12T01:10:14.680Z] E0611 20:10:14.680142    1984 watch.go:116] watchAllDir unable to walk dir `c:\Users\mialo\tmi-landing-1\dataconnect`: GetFileAttributesEx c:\Users\mialo\tmi-landing-1\dataconnect: The system cannot find the file specified.
E0611 20:10:14.680142    1984 watch.go:40] Failed to load config from "c:\\Users\\mialo\\tmi-landing-1\\dataconnect": could not find dataconnect.yaml in `c:\Users\mialo\tmi-landing-1\dataconnect`
 {"metadata":{"emulator":{"name":"dataconnect"},"message":"E0611 20:10:14.680142    1984 watch.go:116] watchAllDir unable to walk dir `c:\\Users\\mialo\\tmi-landing-1\\dataconnect`: GetFileAttributesEx c:\\Users\\mialo\\tmi-landing-1\\dataconnect: The system cannot find the file specified.\nE0611 20:10:14.680142    1984 watch.go:40] Failed to load config from \"c:\\\\Users\\\\mialo\\\\tmi-landing-1\\\\dataconnect\": could not find dataconnect.yaml in `c:\\Users\\mialo\\tmi-landing-1\\dataconnect`\n"}}
[debug] [2026-06-12T01:10:24.680Z] E0611 20:10:24.680273    1984 watch.go:40] Failed to load config from "c:\\Users\\mialo\\tmi-landing-1\\dataconnect": could not find dataconnect.yaml in `c:\Users\mialo\tmi-landing-1\dataconnect`
 {"metadata":{"emulator":{"name":"dataconnect"},"message":"E0611 20:10:24.680273    1984 watch.go:40] Failed to load config from \"c:\\\\Users\\\\mialo\\\\tmi-landing-1\\\\dataconnect\": could not find dataconnect.yaml in `c:\\Users\\mialo\\tmi-landing-1\\dataconnect`\n"}}
[debug] [2026-06-12T01:10:34.680Z] E0611 20:10:34.680194    1984 watch.go:40] Failed to load config from "c:\\Users\\mialo\\tmi-landing-1\\dataconnect": could not find dataconnect.yaml in `c:\Users\mialo\tmi-landing-1\dataconnect`
 {"metadata":{"emulator":{"name":"dataconnect"},"message":"E0611 20:10:34.680194    1984 watch.go:40] Failed to load config from \"c:\\\\Users\\\\mialo\\\\tmi-landing-1\\\\dataconnect\": could not find dataconnect.yaml in `c:\\Users\\mialo\\tmi-landing-1\\dataconnect`\n"}}
[debug] [2026-06-12T01:10:44.680Z] E0611 20:10:44.680499    1984 watch.go:40] Failed to load config from "c:\\Users\\mialo\\tmi-landing-1\\dataconnect": could not find dataconnect.yaml in `c:\Users\mialo\tmi-landing-1\dataconnect`
 {"metadata":{"emulator":{"name":"dataconnect"},"message":"E0611 20:10:44.680499    1984 watch.go:40] Failed to load config from \"c:\\\\Users\\\\mialo\\\\tmi-landing-1\\\\dataconnect\": could not find dataconnect.yaml in `c:\\Users\\mialo\\tmi-landing-1\\dataconnect`\n"}}
[debug] [2026-06-12T01:10:54.680Z] E0611 20:10:54.680514    1984 watch.go:40] Failed to load config from "c:\\Users\\mialo\\tmi-landing-1\\dataconnect": could not find dataconnect.yaml in `c:\Users\mialo\tmi-landing-1\dataconnect`
 {"metadata":{"emulator":{"name":"dataconnect"},"message":"E0611 20:10:54.680514    1984 watch.go:40] Failed to load config from \"c:\\\\Users\\\\mialo\\\\tmi-landing-1\\\\dataconnect\": could not find dataconnect.yaml in `c:\\Users\\mialo\\tmi-landing-1\\dataconnect`\n"}}
[debug] [2026-06-12T01:11:04.680Z] E0611 20:11:04.680021    1984 watch.go:40] Failed to load config from "c:\\Users\\mialo\\tmi-landing-1\\dataconnect": could not find dataconnect.yaml in `c:\Users\mialo\tmi-landing-1\dataconnect`
 {"metadata":{"emulator":{"name":"dataconnect"},"message":"E0611 20:11:04.680021    1984 watch.go:40] Failed to load config from \"c:\\\\Users\\\\mialo\\\\tmi-landing-1\\\\dataconnect\": could not find dataconnect.yaml in `c:\\Users\\mialo\\tmi-landing-1\\dataconnect`\n"}}
[debug] [2026-06-12T01:11:14.679Z] E0611 20:11:14.679909    1984 watch.go:116] watchAllDir unable to walk dir `c:\Users\mialo\tmi-landing-1\dataconnect`: GetFileAttributesEx c:\Users\mialo\tmi-landing-1\dataconnect: The system cannot find the file specified.
 {"metadata":{"emulator":{"name":"dataconnect"},"message":"E0611 20:11:14.679909    1984 watch.go:116] watchAllDir unable to walk dir `c:\\Users\\mialo\\tmi-landing-1\\dataconnect`: GetFileAttributesEx c:\\Users\\mialo\\tmi-landing-1\\dataconnect: The system cannot find the file specified.\n"}}
[debug] [2026-06-12T01:11:14.680Z] E0611 20:11:14.679909    1984 watch.go:40] Failed to load config from "c:\\Users\\mialo\\tmi-landing-1\\dataconnect": could not find dataconnect.yaml in `c:\Users\mialo\tmi-landing-1\dataconnect`
 {"metadata":{"emulator":{"name":"dataconnect"},"message":"E0611 20:11:14.679909    1984 watch.go:40] Failed to load config from \"c:\\\\Users\\\\mialo\\\\tmi-landing-1\\\\dataconnect\": could not find dataconnect.yaml in `c:\\Users\\mialo\\tmi-landing-1\\dataconnect`\n"}}
[debug] [2026-06-12T01:11:24.680Z] E0611 20:11:24.680180    1984 watch.go:40] Failed to load config from "c:\\Users\\mialo\\tmi-landing-1\\dataconnect": could not find dataconnect.yaml in `c:\Users\mialo\tmi-landing-1\dataconnect`
 {"metadata":{"emulator":{"name":"dataconnect"},"message":"E0611 20:11:24.680180    1984 watch.go:40] Failed to load config from \"c:\\\\Users\\\\mialo\\\\tmi-landing-1\\\\dataconnect\": could not find dataconnect.yaml in `c:\\Users\\mialo\\tmi-landing-1\\dataconnect`\n"}}
[debug] [2026-06-12T01:11:34.680Z] E0611 20:11:34.680049    1984 watch.go:40] Failed to load config from "c:\\Users\\mialo\\tmi-landing-1\\dataconnect": could not find dataconnect.yaml in `c:\Users\mialo\tmi-landing-1\dataconnect`
 {"metadata":{"emulator":{"name":"dataconnect"},"message":"E0611 20:11:34.680049    1984 watch.go:40] Failed to load config from \"c:\\\\Users\\\\mialo\\\\tmi-landing-1\\\\dataconnect\": could not find dataconnect.yaml in `c:\\Users\\mialo\\tmi-landing-1\\dataconnect`\n"}}
[debug] [2026-06-12T01:11:44.680Z] E0611 20:11:44.680001    1984 watch.go:40] Failed to load config from "c:\\Users\\mialo\\tmi-landing-1\\dataconnect": could not find dataconnect.yaml in `c:\Users\mialo\tmi-landing-1\dataconnect`
 {"metadata":{"emulator":{"name":"dataconnect"},"message":"E0611 20:11:44.680001    1984 watch.go:40] Failed to load config from \"c:\\\\Users\\\\mialo\\\\tmi-landing-1\\\\dataconnect\": could not find dataconnect.yaml in `c:\\Users\\mialo\\tmi-landing-1\\dataconnect`\n"}}
[debug] [2026-06-12T01:11:54.680Z] E0611 20:11:54.680397    1984 watch.go:40] Failed to load config from "c:\\Users\\mialo\\tmi-landing-1\\dataconnect": could not find dataconnect.yaml in `c:\Users\mialo\tmi-landing-1\dataconnect`
 {"metadata":{"emulator":{"name":"dataconnect"},"message":"E0611 20:11:54.680397    1984 watch.go:40] Failed to load config from \"c:\\\\Users\\\\mialo\\\\tmi-landing-1\\\\dataconnect\": could not find dataconnect.yaml in `c:\\Users\\mialo\\tmi-landing-1\\dataconnect`\n"}}
[debug] [2026-06-12T01:12:04.681Z] E0611 20:12:04.681192    1984 watch.go:40] Failed to load config from "c:\\Users\\mialo\\tmi-landing-1\\dataconnect": could not find dataconnect.yaml in `c:\Users\mialo\tmi-landing-1\dataconnect`
 {"metadata":{"emulator":{"name":"dataconnect"},"message":"E0611 20:12:04.681192    1984 watch.go:40] Failed to load config from \"c:\\\\Users\\\\mialo\\\\tmi-landing-1\\\\dataconnect\": could not find dataconnect.yaml in `c:\\Users\\mialo\\tmi-landing-1\\dataconnect`\n"}}
[debug] [2026-06-12T01:12:14.680Z] E0611 20:12:14.680361    1984 watch.go:116] watchAllDir unable to walk dir `c:\Users\mialo\tmi-landing-1\dataconnect`: GetFileAttributesEx c:\Users\mialo\tmi-landing-1\dataconnect: The system cannot find the file specified.
E0611 20:12:14.680361    1984 watch.go:40] Failed to load config from "c:\\Users\\mialo\\tmi-landing-1\\dataconnect": could not find dataconnect.yaml in `c:\Users\mialo\tmi-landing-1\dataconnect`
 {"metadata":{"emulator":{"name":"dataconnect"},"message":"E0611 20:12:14.680361    1984 watch.go:116] watchAllDir unable to walk dir `c:\\Users\\mialo\\tmi-landing-1\\dataconnect`: GetFileAttributesEx c:\\Users\\mialo\\tmi-landing-1\\dataconnect: The system cannot find the file specified.\nE0611 20:12:14.680361    1984 watch.go:40] Failed to load config from \"c:\\\\Users\\\\mialo\\\\tmi-landing-1\\\\dataconnect\": could not find dataconnect.yaml in `c:\\Users\\mialo\\tmi-landing-1\\dataconnect`\n"}}
[debug] [2026-06-12T01:12:24.680Z] E0611 20:12:24.680355    1984 watch.go:40] Failed to load config from "c:\\Users\\mialo\\tmi-landing-1\\dataconnect": could not find dataconnect.yaml in `c:\Users\mialo\tmi-landing-1\dataconnect`
 {"metadata":{"emulator":{"name":"dataconnect"},"message":"E0611 20:12:24.680355    1984 watch.go:40] Failed to load config from \"c:\\\\Users\\\\mialo\\\\tmi-landing-1\\\\dataconnect\": could not find dataconnect.yaml in `c:\\Users\\mialo\\tmi-landing-1\\dataconnect`\n"}}
[debug] [2026-06-12T01:12:34.679Z] E0611 20:12:34.679967    1984 watch.go:40] Failed to load config from "c:\\Users\\mialo\\tmi-landing-1\\dataconnect": could not find dataconnect.yaml in `c:\Users\mialo\tmi-landing-1\dataconnect`
 {"metadata":{"emulator":{"name":"dataconnect"},"message":"E0611 20:12:34.679967    1984 watch.go:40] Failed to load config from \"c:\\\\Users\\\\mialo\\\\tmi-landing-1\\\\dataconnect\": could not find dataconnect.yaml in `c:\\Users\\mialo\\tmi-landing-1\\dataconnect`\n"}}
[debug] [2026-06-12T01:12:44.681Z] E0611 20:12:44.680836    1984 watch.go:40] Failed to load config from "c:\\Users\\mialo\\tmi-landing-1\\dataconnect": could not find dataconnect.yaml in `c:\Users\mialo\tmi-landing-1\dataconnect`
 {"metadata":{"emulator":{"name":"dataconnect"},"message":"E0611 20:12:44.680836    1984 watch.go:40] Failed to load config from \"c:\\\\Users\\\\mialo\\\\tmi-landing-1\\\\dataconnect\": could not find dataconnect.yaml in `c:\\Users\\mialo\\tmi-landing-1\\dataconnect`\n"}}
[debug] [2026-06-12T01:12:54.680Z] E0611 20:12:54.680864    1984 watch.go:40] Failed to load config from "c:\\Users\\mialo\\tmi-landing-1\\dataconnect": could not find dataconnect.yaml in `c:\Users\mialo\tmi-landing-1\dataconnect`
 {"metadata":{"emulator":{"name":"dataconnect"},"message":"E0611 20:12:54.680864    1984 watch.go:40] Failed to load config from \"c:\\\\Users\\\\mialo\\\\tmi-landing-1\\\\dataconnect\": could not find dataconnect.yaml in `c:\\Users\\mialo\\tmi-landing-1\\dataconnect`\n"}}
[debug] [2026-06-12T01:13:04.680Z] E0611 20:13:04.680650    1984 watch.go:40] Failed to load config from "c:\\Users\\mialo\\tmi-landing-1\\dataconnect": could not find dataconnect.yaml in `c:\Users\mialo\tmi-landing-1\dataconnect`
 {"metadata":{"emulator":{"name":"dataconnect"},"message":"E0611 20:13:04.680650    1984 watch.go:40] Failed to load config from \"c:\\\\Users\\\\mialo\\\\tmi-landing-1\\\\dataconnect\": could not find dataconnect.yaml in `c:\\Users\\mialo\\tmi-landing-1\\dataconnect`\n"}}
[debug] [2026-06-12T01:13:14.680Z] E0611 20:13:14.680177    1984 watch.go:116] watchAllDir unable to walk dir `c:\Users\mialo\tmi-landing-1\dataconnect`: GetFileAttributesEx c:\Users\mialo\tmi-landing-1\dataconnect: The system cannot find the file specified.
E0611 20:13:14.680177    1984 watch.go:40] Failed to load config from "c:\\Users\\mialo\\tmi-landing-1\\dataconnect": could not find dataconnect.yaml in `c:\Users\mialo\tmi-landing-1\dataconnect`
 {"metadata":{"emulator":{"name":"dataconnect"},"message":"E0611 20:13:14.680177    1984 watch.go:116] watchAllDir unable to walk dir `c:\\Users\\mialo\\tmi-landing-1\\dataconnect`: GetFileAttributesEx c:\\Users\\mialo\\tmi-landing-1\\dataconnect: The system cannot find the file specified.\nE0611 20:13:14.680177    1984 watch.go:40] Failed to load config from \"c:\\\\Users\\\\mialo\\\\tmi-landing-1\\\\dataconnect\": could not find dataconnect.yaml in `c:\\Users\\mialo\\tmi-landing-1\\dataconnect`\n"}}
[debug] [2026-06-12T01:13:24.680Z] E0611 20:13:24.680276    1984 watch.go:40] Failed to load config from "c:\\Users\\mialo\\tmi-landing-1\\dataconnect": could not find dataconnect.yaml in `c:\Users\mialo\tmi-landing-1\dataconnect`
 {"metadata":{"emulator":{"name":"dataconnect"},"message":"E0611 20:13:24.680276    1984 watch.go:40] Failed to load config from \"c:\\\\Users\\\\mialo\\\\tmi-landing-1\\\\dataconnect\": could not find dataconnect.yaml in `c:\\Users\\mialo\\tmi-landing-1\\dataconnect`\n"}}
[debug] [2026-06-12T01:13:34.680Z] E0611 20:13:34.680344    1984 watch.go:40] Failed to load config from "c:\\Users\\mialo\\tmi-landing-1\\dataconnect": could not find dataconnect.yaml in `c:\Users\mialo\tmi-landing-1\dataconnect`
 {"metadata":{"emulator":{"name":"dataconnect"},"message":"E0611 20:13:34.680344    1984 watch.go:40] Failed to load config from \"c:\\\\Users\\\\mialo\\\\tmi-landing-1\\\\dataconnect\": could not find dataconnect.yaml in `c:\\Users\\mialo\\tmi-landing-1\\dataconnect`\n"}}
[debug] [2026-06-12T01:13:44.679Z] E0611 20:13:44.679901    1984 watch.go:40] Failed to load config from "c:\\Users\\mialo\\tmi-landing-1\\dataconnect": could not find dataconnect.yaml in `c:\Users\mialo\tmi-landing-1\dataconnect`
 {"metadata":{"emulator":{"name":"dataconnect"},"message":"E0611 20:13:44.679901    1984 watch.go:40] Failed to load config from \"c:\\\\Users\\\\mialo\\\\tmi-landing-1\\\\dataconnect\": could not find dataconnect.yaml in `c:\\Users\\mialo\\tmi-landing-1\\dataconnect`\n"}}
[debug] [2026-06-12T01:13:54.680Z] E0611 20:13:54.680263    1984 watch.go:40] Failed to load config from "c:\\Users\\mialo\\tmi-landing-1\\dataconnect": could not find dataconnect.yaml in `c:\Users\mialo\tmi-landing-1\dataconnect`
 {"metadata":{"emulator":{"name":"dataconnect"},"message":"E0611 20:13:54.680263    1984 watch.go:40] Failed to load config from \"c:\\\\Users\\\\mialo\\\\tmi-landing-1\\\\dataconnect\": could not find dataconnect.yaml in `c:\\Users\\mialo\\tmi-landing-1\\dataconnect`\n"}}
[debug] [2026-06-12T01:14:04.680Z] E0611 20:14:04.680216    1984 watch.go:40] Failed to load config from "c:\\Users\\mialo\\tmi-landing-1\\dataconnect": could not find dataconnect.yaml in `c:\Users\mialo\tmi-landing-1\dataconnect`
 {"metadata":{"emulator":{"name":"dataconnect"},"message":"E0611 20:14:04.680216    1984 watch.go:40] Failed to load config from \"c:\\\\Users\\\\mialo\\\\tmi-landing-1\\\\dataconnect\": could not find dataconnect.yaml in `c:\\Users\\mialo\\tmi-landing-1\\dataconnect`\n"}}
[debug] [2026-06-12T01:14:14.701Z] E0611 20:14:14.680165    1984 watch.go:116] watchAllDir unable to walk dir `c:\Users\mialo\tmi-landing-1\dataconnect`: GetFileAttributesEx c:\Users\mialo\tmi-landing-1\dataconnect: The system cannot find the file specified.
E0611 20:14:14.680165    1984 watch.go:40] Failed to load config from "c:\\Users\\mialo\\tmi-landing-1\\dataconnect": could not find dataconnect.yaml in `c:\Users\mialo\tmi-landing-1\dataconnect`
 {"metadata":{"emulator":{"name":"dataconnect"},"message":"E0611 20:14:14.680165    1984 watch.go:116] watchAllDir unable to walk dir `c:\\Users\\mialo\\tmi-landing-1\\dataconnect`: GetFileAttributesEx c:\\Users\\mialo\\tmi-landing-1\\dataconnect: The system cannot find the file specified.\nE0611 20:14:14.680165    1984 watch.go:40] Failed to load config from \"c:\\\\Users\\\\mialo\\\\tmi-landing-1\\\\dataconnect\": could not find dataconnect.yaml in `c:\\Users\\mialo\\tmi-landing-1\\dataconnect`\n"}}
[debug] [2026-06-12T01:14:24.680Z] E0611 20:14:24.679977    1984 watch.go:40] Failed to load config from "c:\\Users\\mialo\\tmi-landing-1\\dataconnect": could not find dataconnect.yaml in `c:\Users\mialo\tmi-landing-1\dataconnect`
 {"metadata":{"emulator":{"name":"dataconnect"},"message":"E0611 20:14:24.679977    1984 watch.go:40] Failed to load config from \"c:\\\\Users\\\\mialo\\\\tmi-landing-1\\\\dataconnect\": could not find dataconnect.yaml in `c:\\Users\\mialo\\tmi-landing-1\\dataconnect`\n"}}
[debug] [2026-06-12T01:14:34.680Z] E0611 20:14:34.680531    1984 watch.go:40] Failed to load config from "c:\\Users\\mialo\\tmi-landing-1\\dataconnect": could not find dataconnect.yaml in `c:\Users\mialo\tmi-landing-1\dataconnect`
 {"metadata":{"emulator":{"name":"dataconnect"},"message":"E0611 20:14:34.680531    1984 watch.go:40] Failed to load config from \"c:\\\\Users\\\\mialo\\\\tmi-landing-1\\\\dataconnect\": could not find dataconnect.yaml in `c:\\Users\\mialo\\tmi-landing-1\\dataconnect`\n"}}
[debug] [2026-06-12T01:14:44.680Z] E0611 20:14:44.680267    1984 watch.go:40] Failed to load config from "c:\\Users\\mialo\\tmi-landing-1\\dataconnect": could not find dataconnect.yaml in `c:\Users\mialo\tmi-landing-1\dataconnect`
 {"metadata":{"emulator":{"name":"dataconnect"},"message":"E0611 20:14:44.680267    1984 watch.go:40] Failed to load config from \"c:\\\\Users\\\\mialo\\\\tmi-landing-1\\\\dataconnect\": could not find dataconnect.yaml in `c:\\Users\\mialo\\tmi-landing-1\\dataconnect`\n"}}
[debug] [2026-06-12T01:14:54.680Z] E0611 20:14:54.680416    1984 watch.go:40] Failed to load config from "c:\\Users\\mialo\\tmi-landing-1\\dataconnect": could not find dataconnect.yaml in `c:\Users\mialo\tmi-landing-1\dataconnect`
 {"metadata":{"emulator":{"name":"dataconnect"},"message":"E0611 20:14:54.680416    1984 watch.go:40] Failed to load config from \"c:\\\\Users\\\\mialo\\\\tmi-landing-1\\\\dataconnect\": could not find dataconnect.yaml in `c:\\Users\\mialo\\tmi-landing-1\\dataconnect`\n"}}
[debug] [2026-06-12T01:15:04.680Z] E0611 20:15:04.679894    1984 watch.go:40] Failed to load config from "c:\\Users\\mialo\\tmi-landing-1\\dataconnect": could not find dataconnect.yaml in `c:\Users\mialo\tmi-landing-1\dataconnect`
 {"metadata":{"emulator":{"name":"dataconnect"},"message":"E0611 20:15:04.679894    1984 watch.go:40] Failed to load config from \"c:\\\\Users\\\\mialo\\\\tmi-landing-1\\\\dataconnect\": could not find dataconnect.yaml in `c:\\Users\\mialo\\tmi-landing-1\\dataconnect`\n"}}
[debug] [2026-06-12T01:15:14.680Z] E0611 20:15:14.680180    1984 watch.go:116] watchAllDir unable to walk dir `c:\Users\mialo\tmi-landing-1\dataconnect`: GetFileAttributesEx c:\Users\mialo\tmi-landing-1\dataconnect: The system cannot find the file specified.
 {"metadata":{"emulator":{"name":"dataconnect"},"message":"E0611 20:15:14.680180    1984 watch.go:116] watchAllDir unable to walk dir `c:\\Users\\mialo\\tmi-landing-1\\dataconnect`: GetFileAttributesEx c:\\Users\\mialo\\tmi-landing-1\\dataconnect: The system cannot find the file specified.\n"}}
[debug] [2026-06-12T01:15:14.680Z] E0611 20:15:14.680180    1984 watch.go:40] Failed to load config from "c:\\Users\\mialo\\tmi-landing-1\\dataconnect": could not find dataconnect.yaml in `c:\Users\mialo\tmi-landing-1\dataconnect`
 {"metadata":{"emulator":{"name":"dataconnect"},"message":"E0611 20:15:14.680180    1984 watch.go:40] Failed to load config from \"c:\\\\Users\\\\mialo\\\\tmi-landing-1\\\\dataconnect\": could not find dataconnect.yaml in `c:\\Users\\mialo\\tmi-landing-1\\dataconnect`\n"}}
[debug] [2026-06-12T01:15:24.680Z] E0611 20:15:24.680644    1984 watch.go:40] Failed to load config from "c:\\Users\\mialo\\tmi-landing-1\\dataconnect": could not find dataconnect.yaml in `c:\Users\mialo\tmi-landing-1\dataconnect`
 {"metadata":{"emulator":{"name":"dataconnect"},"message":"E0611 20:15:24.680644    1984 watch.go:40] Failed to load config from \"c:\\\\Users\\\\mialo\\\\tmi-landing-1\\\\dataconnect\": could not find dataconnect.yaml in `c:\\Users\\mialo\\tmi-landing-1\\dataconnect`\n"}}
[debug] [2026-06-12T01:15:34.679Z] E0611 20:15:34.680006    1984 watch.go:40] Failed to load config from "c:\\Users\\mialo\\tmi-landing-1\\dataconnect": could not find dataconnect.yaml in `c:\Users\mialo\tmi-landing-1\dataconnect`
 {"metadata":{"emulator":{"name":"dataconnect"},"message":"E0611 20:15:34.680006    1984 watch.go:40] Failed to load config from \"c:\\\\Users\\\\mialo\\\\tmi-landing-1\\\\dataconnect\": could not find dataconnect.yaml in `c:\\Users\\mialo\\tmi-landing-1\\dataconnect`\n"}}
[debug] [2026-06-12T01:15:44.680Z] E0611 20:15:44.680045    1984 watch.go:40] Failed to load config from "c:\\Users\\mialo\\tmi-landing-1\\dataconnect": could not find dataconnect.yaml in `c:\Users\mialo\tmi-landing-1\dataconnect`
 {"metadata":{"emulator":{"name":"dataconnect"},"message":"E0611 20:15:44.680045    1984 watch.go:40] Failed to load config from \"c:\\\\Users\\\\mialo\\\\tmi-landing-1\\\\dataconnect\": could not find dataconnect.yaml in `c:\\Users\\mialo\\tmi-landing-1\\dataconnect`\n"}}
[debug] [2026-06-12T01:15:54.680Z] E0611 20:15:54.680335    1984 watch.go:40] Failed to load config from "c:\\Users\\mialo\\tmi-landing-1\\dataconnect": could not find dataconnect.yaml in `c:\Users\mialo\tmi-landing-1\dataconnect`
 {"metadata":{"emulator":{"name":"dataconnect"},"message":"E0611 20:15:54.680335    1984 watch.go:40] Failed to load config from \"c:\\\\Users\\\\mialo\\\\tmi-landing-1\\\\dataconnect\": could not find dataconnect.yaml in `c:\\Users\\mialo\\tmi-landing-1\\dataconnect`\n"}}
[debug] [2026-06-12T01:16:04.680Z] E0611 20:16:04.680258    1984 watch.go:40] Failed to load config from "c:\\Users\\mialo\\tmi-landing-1\\dataconnect": could not find dataconnect.yaml in `c:\Users\mialo\tmi-landing-1\dataconnect`
 {"metadata":{"emulator":{"name":"dataconnect"},"message":"E0611 20:16:04.680258    1984 watch.go:40] Failed to load config from \"c:\\\\Users\\\\mialo\\\\tmi-landing-1\\\\dataconnect\": could not find dataconnect.yaml in `c:\\Users\\mialo\\tmi-landing-1\\dataconnect`\n"}}
[debug] [2026-06-12T01:16:14.680Z] E0611 20:16:14.680651    1984 watch.go:116] watchAllDir unable to walk dir `c:\Users\mialo\tmi-landing-1\dataconnect`: GetFileAttributesEx c:\Users\mialo\tmi-landing-1\dataconnect: The system cannot find the file specified.
 {"metadata":{"emulator":{"name":"dataconnect"},"message":"E0611 20:16:14.680651    1984 watch.go:116] watchAllDir unable to walk dir `c:\\Users\\mialo\\tmi-landing-1\\dataconnect`: GetFileAttributesEx c:\\Users\\mialo\\tmi-landing-1\\dataconnect: The system cannot find the file specified.\n"}}
[debug] [2026-06-12T01:16:14.694Z] E0611 20:16:14.693227    1984 watch.go:40] Failed to load config from "c:\\Users\\mialo\\tmi-landing-1\\dataconnect": could not find dataconnect.yaml in `c:\Users\mialo\tmi-landing-1\dataconnect`
 {"metadata":{"emulator":{"name":"dataconnect"},"message":"E0611 20:16:14.693227    1984 watch.go:40] Failed to load config from \"c:\\\\Users\\\\mialo\\\\tmi-landing-1\\\\dataconnect\": could not find dataconnect.yaml in `c:\\Users\\mialo\\tmi-landing-1\\dataconnect`\n"}}
[debug] [2026-06-12T01:16:24.680Z] E0611 20:16:24.680355    1984 watch.go:40] Failed to load config from "c:\\Users\\mialo\\tmi-landing-1\\dataconnect": could not find dataconnect.yaml in `c:\Users\mialo\tmi-landing-1\dataconnect`
 {"metadata":{"emulator":{"name":"dataconnect"},"message":"E0611 20:16:24.680355    1984 watch.go:40] Failed to load config from \"c:\\\\Users\\\\mialo\\\\tmi-landing-1\\\\dataconnect\": could not find dataconnect.yaml in `c:\\Users\\mialo\\tmi-landing-1\\dataconnect`\n"}}
[debug] [2026-06-12T01:16:34.680Z] E0611 20:16:34.680362    1984 watch.go:40] Failed to load config from "c:\\Users\\mialo\\tmi-landing-1\\dataconnect": could not find dataconnect.yaml in `c:\Users\mialo\tmi-landing-1\dataconnect`
 {"metadata":{"emulator":{"name":"dataconnect"},"message":"E0611 20:16:34.680362    1984 watch.go:40] Failed to load config from \"c:\\\\Users\\\\mialo\\\\tmi-landing-1\\\\dataconnect\": could not find dataconnect.yaml in `c:\\Users\\mialo\\tmi-landing-1\\dataconnect`\n"}}
[debug] [2026-06-12T01:16:44.679Z] E0611 20:16:44.679903    1984 watch.go:40] Failed to load config from "c:\\Users\\mialo\\tmi-landing-1\\dataconnect": could not find dataconnect.yaml in `c:\Users\mialo\tmi-landing-1\dataconnect`
 {"metadata":{"emulator":{"name":"dataconnect"},"message":"E0611 20:16:44.679903    1984 watch.go:40] Failed to load config from \"c:\\\\Users\\\\mialo\\\\tmi-landing-1\\\\dataconnect\": could not find dataconnect.yaml in `c:\\Users\\mialo\\tmi-landing-1\\dataconnect`\n"}}
[debug] [2026-06-12T01:16:54.680Z] E0611 20:16:54.680562    1984 watch.go:40] Failed to load config from "c:\\Users\\mialo\\tmi-landing-1\\dataconnect": could not find dataconnect.yaml in `c:\Users\mialo\tmi-landing-1\dataconnect`
 {"metadata":{"emulator":{"name":"dataconnect"},"message":"E0611 20:16:54.680562    1984 watch.go:40] Failed to load config from \"c:\\\\Users\\\\mialo\\\\tmi-landing-1\\\\dataconnect\": could not find dataconnect.yaml in `c:\\Users\\mialo\\tmi-landing-1\\dataconnect`\n"}}
[debug] [2026-06-12T01:17:04.680Z] E0611 20:17:04.680219    1984 watch.go:40] Failed to load config from "c:\\Users\\mialo\\tmi-landing-1\\dataconnect": could not find dataconnect.yaml in `c:\Users\mialo\tmi-landing-1\dataconnect`
 {"metadata":{"emulator":{"name":"dataconnect"},"message":"E0611 20:17:04.680219    1984 watch.go:40] Failed to load config from \"c:\\\\Users\\\\mialo\\\\tmi-landing-1\\\\dataconnect\": could not find dataconnect.yaml in `c:\\Users\\mialo\\tmi-landing-1\\dataconnect`\n"}}
[debug] [2026-06-12T01:17:14.680Z] E0611 20:17:14.680126    1984 watch.go:40] Failed to load config from "c:\\Users\\mialo\\tmi-landing-1\\dataconnect": could not find dataconnect.yaml in `c:\Users\mialo\tmi-landing-1\dataconnect`
 {"metadata":{"emulator":{"name":"dataconnect"},"message":"E0611 20:17:14.680126    1984 watch.go:40] Failed to load config from \"c:\\\\Users\\\\mialo\\\\tmi-landing-1\\\\dataconnect\": could not find dataconnect.yaml in `c:\\Users\\mialo\\tmi-landing-1\\dataconnect`\n"}}
[debug] [2026-06-12T01:17:14.681Z] E0611 20:17:14.680126    1984 watch.go:116] watchAllDir unable to walk dir `c:\Users\mialo\tmi-landing-1\dataconnect`: GetFileAttributesEx c:\Users\mialo\tmi-landing-1\dataconnect: The system cannot find the file specified.
 {"metadata":{"emulator":{"name":"dataconnect"},"message":"E0611 20:17:14.680126    1984 watch.go:116] watchAllDir unable to walk dir `c:\\Users\\mialo\\tmi-landing-1\\dataconnect`: GetFileAttributesEx c:\\Users\\mialo\\tmi-landing-1\\dataconnect: The system cannot find the file specified.\n"}}
[debug] [2026-06-12T01:17:24.680Z] E0611 20:17:24.680217    1984 watch.go:40] Failed to load config from "c:\\Users\\mialo\\tmi-landing-1\\dataconnect": could not find dataconnect.yaml in `c:\Users\mialo\tmi-landing-1\dataconnect`
 {"metadata":{"emulator":{"name":"dataconnect"},"message":"E0611 20:17:24.680217    1984 watch.go:40] Failed to load config from \"c:\\\\Users\\\\mialo\\\\tmi-landing-1\\\\dataconnect\": could not find dataconnect.yaml in `c:\\Users\\mialo\\tmi-landing-1\\dataconnect`\n"}}
[debug] [2026-06-12T01:17:34.680Z] E0611 20:17:34.680090    1984 watch.go:40] Failed to load config from "c:\\Users\\mialo\\tmi-landing-1\\dataconnect": could not find dataconnect.yaml in `c:\Users\mialo\tmi-landing-1\dataconnect`
 {"metadata":{"emulator":{"name":"dataconnect"},"message":"E0611 20:17:34.680090    1984 watch.go:40] Failed to load config from \"c:\\\\Users\\\\mialo\\\\tmi-landing-1\\\\dataconnect\": could not find dataconnect.yaml in `c:\\Users\\mialo\\tmi-landing-1\\dataconnect`\n"}}
[debug] [2026-06-12T01:17:44.683Z] E0611 20:17:44.682864    1984 watch.go:40] Failed to load config from "c:\\Users\\mialo\\tmi-landing-1\\dataconnect": could not find dataconnect.yaml in `c:\Users\mialo\tmi-landing-1\dataconnect`
 {"metadata":{"emulator":{"name":"dataconnect"},"message":"E0611 20:17:44.682864    1984 watch.go:40] Failed to load config from \"c:\\\\Users\\\\mialo\\\\tmi-landing-1\\\\dataconnect\": could not find dataconnect.yaml in `c:\\Users\\mialo\\tmi-landing-1\\dataconnect`\n"}}
[debug] [2026-06-12T01:17:54.680Z] E0611 20:17:54.680613    1984 watch.go:40] Failed to load config from "c:\\Users\\mialo\\tmi-landing-1\\dataconnect": could not find dataconnect.yaml in `c:\Users\mialo\tmi-landing-1\dataconnect`
 {"metadata":{"emulator":{"name":"dataconnect"},"message":"E0611 20:17:54.680613    1984 watch.go:40] Failed to load config from \"c:\\\\Users\\\\mialo\\\\tmi-landing-1\\\\dataconnect\": could not find dataconnect.yaml in `c:\\Users\\mialo\\tmi-landing-1\\dataconnect`\n"}}
[debug] [2026-06-12T01:18:04.680Z] E0611 20:18:04.680229    1984 watch.go:40] Failed to load config from "c:\\Users\\mialo\\tmi-landing-1\\dataconnect": could not find dataconnect.yaml in `c:\Users\mialo\tmi-landing-1\dataconnect`
 {"metadata":{"emulator":{"name":"dataconnect"},"message":"E0611 20:18:04.680229    1984 watch.go:40] Failed to load config from \"c:\\\\Users\\\\mialo\\\\tmi-landing-1\\\\dataconnect\": could not find dataconnect.yaml in `c:\\Users\\mialo\\tmi-landing-1\\dataconnect`\n"}}
[debug] [2026-06-12T01:18:14.680Z] E0611 20:18:14.680395    1984 watch.go:40] Failed to load config from "c:\\Users\\mialo\\tmi-landing-1\\dataconnect": could not find dataconnect.yaml in `c:\Users\mialo\tmi-landing-1\dataconnect`
E0611 20:18:14.680395    1984 watch.go:116] watchAllDir unable to walk dir `c:\Users\mialo\tmi-landing-1\dataconnect`: GetFileAttributesEx c:\Users\mialo\tmi-landing-1\dataconnect: The system cannot find the file specified.
 {"metadata":{"emulator":{"name":"dataconnect"},"message":"E0611 20:18:14.680395    1984 watch.go:40] Failed to load config from \"c:\\\\Users\\\\mialo\\\\tmi-landing-1\\\\dataconnect\": could not find dataconnect.yaml in `c:\\Users\\mialo\\tmi-landing-1\\dataconnect`\nE0611 20:18:14.680395    1984 watch.go:116] watchAllDir unable to walk dir `c:\\Users\\mialo\\tmi-landing-1\\dataconnect`: GetFileAttributesEx c:\\Users\\mialo\\tmi-landing-1\\dataconnect: The system cannot find the file specified.\n"}}
[debug] [2026-06-12T01:18:24.680Z] E0611 20:18:24.680678    1984 watch.go:40] Failed to load config from "c:\\Users\\mialo\\tmi-landing-1\\dataconnect": could not find dataconnect.yaml in `c:\Users\mialo\tmi-landing-1\dataconnect`
 {"metadata":{"emulator":{"name":"dataconnect"},"message":"E0611 20:18:24.680678    1984 watch.go:40] Failed to load config from \"c:\\\\Users\\\\mialo\\\\tmi-landing-1\\\\dataconnect\": could not find dataconnect.yaml in `c:\\Users\\mialo\\tmi-landing-1\\dataconnect`\n"}}
[debug] [2026-06-12T01:18:34.680Z] E0611 20:18:34.680310    1984 watch.go:40] Failed to load config from "c:\\Users\\mialo\\tmi-landing-1\\dataconnect": could not find dataconnect.yaml in `c:\Users\mialo\tmi-landing-1\dataconnect`
 {"metadata":{"emulator":{"name":"dataconnect"},"message":"E0611 20:18:34.680310    1984 watch.go:40] Failed to load config from \"c:\\\\Users\\\\mialo\\\\tmi-landing-1\\\\dataconnect\": could not find dataconnect.yaml in `c:\\Users\\mialo\\tmi-landing-1\\dataconnect`\n"}}
[debug] [2026-06-12T01:18:44.680Z] E0611 20:18:44.680345    1984 watch.go:40] Failed to load config from "c:\\Users\\mialo\\tmi-landing-1\\dataconnect": could not find dataconnect.yaml in `c:\Users\mialo\tmi-landing-1\dataconnect`
 {"metadata":{"emulator":{"name":"dataconnect"},"message":"E0611 20:18:44.680345    1984 watch.go:40] Failed to load config from \"c:\\\\Users\\\\mialo\\\\tmi-landing-1\\\\dataconnect\": could not find dataconnect.yaml in `c:\\Users\\mialo\\tmi-landing-1\\dataconnect`\n"}}
[debug] [2026-06-12T01:18:54.679Z] E0611 20:18:54.680402    1984 watch.go:40] Failed to load config from "c:\\Users\\mialo\\tmi-landing-1\\dataconnect": could not find dataconnect.yaml in `c:\Users\mialo\tmi-landing-1\dataconnect`
 {"metadata":{"emulator":{"name":"dataconnect"},"message":"E0611 20:18:54.680402    1984 watch.go:40] Failed to load config from \"c:\\\\Users\\\\mialo\\\\tmi-landing-1\\\\dataconnect\": could not find dataconnect.yaml in `c:\\Users\\mialo\\tmi-landing-1\\dataconnect`\n"}}
[debug] [2026-06-12T01:19:04.679Z] E0611 20:19:04.680180    1984 watch.go:40] Failed to load config from "c:\\Users\\mialo\\tmi-landing-1\\dataconnect": could not find dataconnect.yaml in `c:\Users\mialo\tmi-landing-1\dataconnect`
 {"metadata":{"emulator":{"name":"dataconnect"},"message":"E0611 20:19:04.680180    1984 watch.go:40] Failed to load config from \"c:\\\\Users\\\\mialo\\\\tmi-landing-1\\\\dataconnect\": could not find dataconnect.yaml in `c:\\Users\\mialo\\tmi-landing-1\\dataconnect`\n"}}
[debug] [2026-06-12T01:19:14.679Z] E0611 20:19:14.680225    1984 watch.go:116] watchAllDir unable to walk dir `c:\Users\mialo\tmi-landing-1\dataconnect`: GetFileAttributesEx c:\Users\mialo\tmi-landing-1\dataconnect: The system cannot find the file specified.
 {"metadata":{"emulator":{"name":"dataconnect"},"message":"E0611 20:19:14.680225    1984 watch.go:116] watchAllDir unable to walk dir `c:\\Users\\mialo\\tmi-landing-1\\dataconnect`: GetFileAttributesEx c:\\Users\\mialo\\tmi-landing-1\\dataconnect: The system cannot find the file specified.\n"}}
[debug] [2026-06-12T01:19:14.680Z] E0611 20:19:14.680225    1984 watch.go:40] Failed to load config from "c:\\Users\\mialo\\tmi-landing-1\\dataconnect": could not find dataconnect.yaml in `c:\Users\mialo\tmi-landing-1\dataconnect`
 {"metadata":{"emulator":{"name":"dataconnect"},"message":"E0611 20:19:14.680225    1984 watch.go:40] Failed to load config from \"c:\\\\Users\\\\mialo\\\\tmi-landing-1\\\\dataconnect\": could not find dataconnect.yaml in `c:\\Users\\mialo\\tmi-landing-1\\dataconnect`\n"}}
[debug] [2026-06-12T01:19:24.682Z] E0611 20:19:24.681676    1984 watch.go:40] Failed to load config from "c:\\Users\\mialo\\tmi-landing-1\\dataconnect": could not find dataconnect.yaml in `c:\Users\mialo\tmi-landing-1\dataconnect`
 {"metadata":{"emulator":{"name":"dataconnect"},"message":"E0611 20:19:24.681676    1984 watch.go:40] Failed to load config from \"c:\\\\Users\\\\mialo\\\\tmi-landing-1\\\\dataconnect\": could not find dataconnect.yaml in `c:\\Users\\mialo\\tmi-landing-1\\dataconnect`\n"}}
[debug] [2026-06-12T01:19:34.680Z] E0611 20:19:34.680661    1984 watch.go:40] Failed to load config from "c:\\Users\\mialo\\tmi-landing-1\\dataconnect": could not find dataconnect.yaml in `c:\Users\mialo\tmi-landing-1\dataconnect`
 {"metadata":{"emulator":{"name":"dataconnect"},"message":"E0611 20:19:34.680661    1984 watch.go:40] Failed to load config from \"c:\\\\Users\\\\mialo\\\\tmi-landing-1\\\\dataconnect\": could not find dataconnect.yaml in `c:\\Users\\mialo\\tmi-landing-1\\dataconnect`\n"}}
[debug] [2026-06-12T01:19:44.680Z] E0611 20:19:44.680047    1984 watch.go:40] Failed to load config from "c:\\Users\\mialo\\tmi-landing-1\\dataconnect": could not find dataconnect.yaml in `c:\Users\mialo\tmi-landing-1\dataconnect`
 {"metadata":{"emulator":{"name":"dataconnect"},"message":"E0611 20:19:44.680047    1984 watch.go:40] Failed to load config from \"c:\\\\Users\\\\mialo\\\\tmi-landing-1\\\\dataconnect\": could not find dataconnect.yaml in `c:\\Users\\mialo\\tmi-landing-1\\dataconnect`\n"}}
[debug] [2026-06-12T01:19:54.680Z] E0611 20:19:54.679972    1984 watch.go:40] Failed to load config from "c:\\Users\\mialo\\tmi-landing-1\\dataconnect": could not find dataconnect.yaml in `c:\Users\mialo\tmi-landing-1\dataconnect`
 {"metadata":{"emulator":{"name":"dataconnect"},"message":"E0611 20:19:54.679972    1984 watch.go:40] Failed to load config from \"c:\\\\Users\\\\mialo\\\\tmi-landing-1\\\\dataconnect\": could not find dataconnect.yaml in `c:\\Users\\mialo\\tmi-landing-1\\dataconnect`\n"}}
[debug] [2026-06-12T01:20:04.680Z] E0611 20:20:04.680546    1984 watch.go:40] Failed to load config from "c:\\Users\\mialo\\tmi-landing-1\\dataconnect": could not find dataconnect.yaml in `c:\Users\mialo\tmi-landing-1\dataconnect`
 {"metadata":{"emulator":{"name":"dataconnect"},"message":"E0611 20:20:04.680546    1984 watch.go:40] Failed to load config from \"c:\\\\Users\\\\mialo\\\\tmi-landing-1\\\\dataconnect\": could not find dataconnect.yaml in `c:\\Users\\mialo\\tmi-landing-1\\dataconnect`\n"}}
[debug] [2026-06-12T01:20:14.681Z] E0611 20:20:14.680713    1984 watch.go:116] watchAllDir unable to walk dir `c:\Users\mialo\tmi-landing-1\dataconnect`: GetFileAttributesEx c:\Users\mialo\tmi-landing-1\dataconnect: The system cannot find the file specified.
 {"metadata":{"emulator":{"name":"dataconnect"},"message":"E0611 20:20:14.680713    1984 watch.go:116] watchAllDir unable to walk dir `c:\\Users\\mialo\\tmi-landing-1\\dataconnect`: GetFileAttributesEx c:\\Users\\mialo\\tmi-landing-1\\dataconnect: The system cannot find the file specified.\n"}}
[debug] [2026-06-12T01:20:14.682Z] E0611 20:20:14.681788    1984 watch.go:40] Failed to load config from "c:\\Users\\mialo\\tmi-landing-1\\dataconnect": could not find dataconnect.yaml in `c:\Users\mialo\tmi-landing-1\dataconnect`
 {"metadata":{"emulator":{"name":"dataconnect"},"message":"E0611 20:20:14.681788    1984 watch.go:40] Failed to load config from \"c:\\\\Users\\\\mialo\\\\tmi-landing-1\\\\dataconnect\": could not find dataconnect.yaml in `c:\\Users\\mialo\\tmi-landing-1\\dataconnect`\n"}}
[debug] [2026-06-12T01:20:24.688Z] E0611 20:20:24.687819    1984 watch.go:40] Failed to load config from "c:\\Users\\mialo\\tmi-landing-1\\dataconnect": could not find dataconnect.yaml in `c:\Users\mialo\tmi-landing-1\dataconnect`
 {"metadata":{"emulator":{"name":"dataconnect"},"message":"E0611 20:20:24.687819    1984 watch.go:40] Failed to load config from \"c:\\\\Users\\\\mialo\\\\tmi-landing-1\\\\dataconnect\": could not find dataconnect.yaml in `c:\\Users\\mialo\\tmi-landing-1\\dataconnect`\n"}}
[debug] [2026-06-12T01:20:34.682Z] E0611 20:20:34.680910    1984 watch.go:40] Failed to load config from "c:\\Users\\mialo\\tmi-landing-1\\dataconnect": could not find dataconnect.yaml in `c:\Users\mialo\tmi-landing-1\dataconnect`
 {"metadata":{"emulator":{"name":"dataconnect"},"message":"E0611 20:20:34.680910    1984 watch.go:40] Failed to load config from \"c:\\\\Users\\\\mialo\\\\tmi-landing-1\\\\dataconnect\": could not find dataconnect.yaml in `c:\\Users\\mialo\\tmi-landing-1\\dataconnect`\n"}}
[debug] [2026-06-12T01:20:44.680Z] E0611 20:20:44.680173    1984 watch.go:40] Failed to load config from "c:\\Users\\mialo\\tmi-landing-1\\dataconnect": could not find dataconnect.yaml in `c:\Users\mialo\tmi-landing-1\dataconnect`
 {"metadata":{"emulator":{"name":"dataconnect"},"message":"E0611 20:20:44.680173    1984 watch.go:40] Failed to load config from \"c:\\\\Users\\\\mialo\\\\tmi-landing-1\\\\dataconnect\": could not find dataconnect.yaml in `c:\\Users\\mialo\\tmi-landing-1\\dataconnect`\n"}}
[debug] [2026-06-12T01:20:54.680Z] E0611 20:20:54.680137    1984 watch.go:40] Failed to load config from "c:\\Users\\mialo\\tmi-landing-1\\dataconnect": could not find dataconnect.yaml in `c:\Users\mialo\tmi-landing-1\dataconnect`
 {"metadata":{"emulator":{"name":"dataconnect"},"message":"E0611 20:20:54.680137    1984 watch.go:40] Failed to load config from \"c:\\\\Users\\\\mialo\\\\tmi-landing-1\\\\dataconnect\": could not find dataconnect.yaml in `c:\\Users\\mialo\\tmi-landing-1\\dataconnect`\n"}}
[debug] [2026-06-12T01:21:04.680Z] E0611 20:21:04.680019    1984 watch.go:40] Failed to load config from "c:\\Users\\mialo\\tmi-landing-1\\dataconnect": could not find dataconnect.yaml in `c:\Users\mialo\tmi-landing-1\dataconnect`
 {"metadata":{"emulator":{"name":"dataconnect"},"message":"E0611 20:21:04.680019    1984 watch.go:40] Failed to load config from \"c:\\\\Users\\\\mialo\\\\tmi-landing-1\\\\dataconnect\": could not find dataconnect.yaml in `c:\\Users\\mialo\\tmi-landing-1\\dataconnect`\n"}}
[debug] [2026-06-12T01:21:14.680Z] E0611 20:21:14.680148    1984 watch.go:40] Failed to load config from "c:\\Users\\mialo\\tmi-landing-1\\dataconnect": could not find dataconnect.yaml in `c:\Users\mialo\tmi-landing-1\dataconnect`
E0611 20:21:14.680148    1984 watch.go:116] watchAllDir unable to walk dir `c:\Users\mialo\tmi-landing-1\dataconnect`: GetFileAttributesEx c:\Users\mialo\tmi-landing-1\dataconnect: The system cannot find the file specified.
 {"metadata":{"emulator":{"name":"dataconnect"},"message":"E0611 20:21:14.680148    1984 watch.go:40] Failed to load config from \"c:\\\\Users\\\\mialo\\\\tmi-landing-1\\\\dataconnect\": could not find dataconnect.yaml in `c:\\Users\\mialo\\tmi-landing-1\\dataconnect`\nE0611 20:21:14.680148    1984 watch.go:116] watchAllDir unable to walk dir `c:\\Users\\mialo\\tmi-landing-1\\dataconnect`: GetFileAttributesEx c:\\Users\\mialo\\tmi-landing-1\\dataconnect: The system cannot find the file specified.\n"}}
[debug] [2026-06-12T01:21:24.680Z] E0611 20:21:24.680505    1984 watch.go:40] Failed to load config from "c:\\Users\\mialo\\tmi-landing-1\\dataconnect": could not find dataconnect.yaml in `c:\Users\mialo\tmi-landing-1\dataconnect`
 {"metadata":{"emulator":{"name":"dataconnect"},"message":"E0611 20:21:24.680505    1984 watch.go:40] Failed to load config from \"c:\\\\Users\\\\mialo\\\\tmi-landing-1\\\\dataconnect\": could not find dataconnect.yaml in `c:\\Users\\mialo\\tmi-landing-1\\dataconnect`\n"}}
[debug] [2026-06-12T01:21:34.699Z] E0611 20:21:34.699672    1984 watch.go:40] Failed to load config from "c:\\Users\\mialo\\tmi-landing-1\\dataconnect": could not find dataconnect.yaml in `c:\Users\mialo\tmi-landing-1\dataconnect`
 {"metadata":{"emulator":{"name":"dataconnect"},"message":"E0611 20:21:34.699672    1984 watch.go:40] Failed to load config from \"c:\\\\Users\\\\mialo\\\\tmi-landing-1\\\\dataconnect\": could not find dataconnect.yaml in `c:\\Users\\mialo\\tmi-landing-1\\dataconnect`\n"}}
